Archive member included to satisfy reference by file (symbol)

../Drivers/CMSIS/Lib/GCC\libarm_cortexM4lf_math.a(arm_const_structs.o)
                              ./Drivers/CMSIS/DSP/Source/arm_cfft_init_f32.o (arm_cfft_sR_f32_len4096)
../Drivers/CMSIS/Lib/GCC\libarm_cortexM4lf_math.a(arm_common_tables.o)
                              ../Drivers/CMSIS/Lib/GCC\libarm_cortexM4lf_math.a(arm_const_structs.o) (twiddleCoef_rfft_4096)
../Drivers/CMSIS/Lib/GCC\libarm_cortexM4lf_math.a(arm_rfft_init_q31.o)
                              ../Drivers/CMSIS/Lib/GCC\libarm_cortexM4lf_math.a(arm_const_structs.o) (realCoefBQ31)
../Drivers/CMSIS/Lib/GCC\libarm_cortexM4lf_math.a(arm_rfft_init_q15.o)
                              ../Drivers/CMSIS/Lib/GCC\libarm_cortexM4lf_math.a(arm_const_structs.o) (realCoefBQ15)
c:/st/stm32cubeide_1.7.0/stm32cubeide/plugins/com.st.stm32cube.ide.mcu.externaltools.gnu-tools-for-stm32.10.3-2021.10.win32_1.0.0.202111181127/tools/bin/../lib/gcc/arm-none-eabi/10.3.1/../../../../arm-none-eabi/lib/thumb/v7e-m+fp/hard\libc_nano.a(lib_a-exit.o)
                              c:/st/stm32cubeide_1.7.0/stm32cubeide/plugins/com.st.stm32cube.ide.mcu.externaltools.gnu-tools-for-stm32.10.3-2021.10.win32_1.0.0.202111181127/tools/bin/../lib/gcc/arm-none-eabi/10.3.1/../../../../arm-none-eabi/lib/thumb/v7e-m+fp/hard/crt0.o (exit)
c:/st/stm32cubeide_1.7.0/stm32cubeide/plugins/com.st.stm32cube.ide.mcu.externaltools.gnu-tools-for-stm32.10.3-2021.10.win32_1.0.0.202111181127/tools/bin/../lib/gcc/arm-none-eabi/10.3.1/../../../../arm-none-eabi/lib/thumb/v7e-m+fp/hard\libc_nano.a(lib_a-impure.o)
                              c:/st/stm32cubeide_1.7.0/stm32cubeide/plugins/com.st.stm32cube.ide.mcu.externaltools.gnu-tools-for-stm32.10.3-2021.10.win32_1.0.0.202111181127/tools/bin/../lib/gcc/arm-none-eabi/10.3.1/../../../../arm-none-eabi/lib/thumb/v7e-m+fp/hard\libc_nano.a(lib_a-exit.o) (_global_impure_ptr)
c:/st/stm32cubeide_1.7.0/stm32cubeide/plugins/com.st.stm32cube.ide.mcu.externaltools.gnu-tools-for-stm32.10.3-2021.10.win32_1.0.0.202111181127/tools/bin/../lib/gcc/arm-none-eabi/10.3.1/../../../../arm-none-eabi/lib/thumb/v7e-m+fp/hard\libc_nano.a(lib_a-init.o)
                              c:/st/stm32cubeide_1.7.0/stm32cubeide/plugins/com.st.stm32cube.ide.mcu.externaltools.gnu-tools-for-stm32.10.3-2021.10.win32_1.0.0.202111181127/tools/bin/../lib/gcc/arm-none-eabi/10.3.1/../../../../arm-none-eabi/lib/thumb/v7e-m+fp/hard/crt0.o (__libc_init_array)
c:/st/stm32cubeide_1.7.0/stm32cubeide/plugins/com.st.stm32cube.ide.mcu.externaltools.gnu-tools-for-stm32.10.3-2021.10.win32_1.0.0.202111181127/tools/bin/../lib/gcc/arm-none-eabi/10.3.1/../../../../arm-none-eabi/lib/thumb/v7e-m+fp/hard\libc_nano.a(lib_a-memset.o)
                              c:/st/stm32cubeide_1.7.0/stm32cubeide/plugins/com.st.stm32cube.ide.mcu.externaltools.gnu-tools-for-stm32.10.3-2021.10.win32_1.0.0.202111181127/tools/bin/../lib/gcc/arm-none-eabi/10.3.1/../../../../arm-none-eabi/lib/thumb/v7e-m+fp/hard/crt0.o (memset)
c:/st/stm32cubeide_1.7.0/stm32cubeide/plugins/com.st.stm32cube.ide.mcu.externaltools.gnu-tools-for-stm32.10.3-2021.10.win32_1.0.0.202111181127/tools/bin/../lib/gcc/arm-none-eabi/10.3.1/../../../../arm-none-eabi/lib/thumb/v7e-m+fp/hard\libc_nano.a(lib_a-snprintf.o)
                              ./Core/Src/displayingdata.o (snprintf)
c:/st/stm32cubeide_1.7.0/stm32cubeide/plugins/com.st.stm32cube.ide.mcu.externaltools.gnu-tools-for-stm32.10.3-2021.10.win32_1.0.0.202111181127/tools/bin/../lib/gcc/arm-none-eabi/10.3.1/../../../../arm-none-eabi/lib/thumb/v7e-m+fp/hard\libc_nano.a(lib_a-nano-svfprintf.o)
                              c:/st/stm32cubeide_1.7.0/stm32cubeide/plugins/com.st.stm32cube.ide.mcu.externaltools.gnu-tools-for-stm32.10.3-2021.10.win32_1.0.0.202111181127/tools/bin/../lib/gcc/arm-none-eabi/10.3.1/../../../../arm-none-eabi/lib/thumb/v7e-m+fp/hard\libc_nano.a(lib_a-snprintf.o) (_svfprintf_r)
c:/st/stm32cubeide_1.7.0/stm32cubeide/plugins/com.st.stm32cube.ide.mcu.externaltools.gnu-tools-for-stm32.10.3-2021.10.win32_1.0.0.202111181127/tools/bin/../lib/gcc/arm-none-eabi/10.3.1/../../../../arm-none-eabi/lib/thumb/v7e-m+fp/hard\libc_nano.a(lib_a-nano-vfprintf_i.o)
                              c:/st/stm32cubeide_1.7.0/stm32cubeide/plugins/com.st.stm32cube.ide.mcu.externaltools.gnu-tools-for-stm32.10.3-2021.10.win32_1.0.0.202111181127/tools/bin/../lib/gcc/arm-none-eabi/10.3.1/../../../../arm-none-eabi/lib/thumb/v7e-m+fp/hard\libc_nano.a(lib_a-nano-svfprintf.o) (_printf_i)
c:/st/stm32cubeide_1.7.0/stm32cubeide/plugins/com.st.stm32cube.ide.mcu.externaltools.gnu-tools-for-stm32.10.3-2021.10.win32_1.0.0.202111181127/tools/bin/../lib/gcc/arm-none-eabi/10.3.1/../../../../arm-none-eabi/lib/thumb/v7e-m+fp/hard\libc_nano.a(lib_a-memchr.o)
[...]
Memory Configuration

Name             Origin             Length             Attributes
CCMRAM           0x0000000010000000 0x0000000000010000 xrw
RAM              0x0000000020000000 0x0000000000030000 xrw
FLASH            0x0000000008000000 0x0000000000200000 xr
*default*        0x0000000000000000 0xffffffffffffffff

Linker script and memory map

LOAD c:/st/stm32cubeide_1.7.0/stm32cubeide/plugins/com.st.stm32cube.ide.mcu.externaltools.gnu-tools-for-stm32.10.3-2021.10.win32_1.0.0.202111181127/tools/bin/../lib/gcc/arm-none-eabi/10.3.1/thumb/v7e-m+fp/hard/crti.o
LOAD c:/st/stm32cubeide_1.7.0/stm32cubeide/plugins/com.st.stm32cube.ide.mcu.externaltools.gnu-tools-for-stm32.10.3-2021.10.win32_1.0.0.202111181127/tools/bin/../lib/gcc/arm-none-eabi/10.3.1/thumb/v7e-m+fp/hard/crtbegin.o
LOAD c:/st/stm32cubeide_1.7.0/stm32cubeide/plugins/com.st.stm32cube.ide.mcu.externaltools.gnu-tools-for-stm32.10.3-2021.10.win32_1.0.0.202111181127/tools/bin/../lib/gcc/arm-none-eabi/10.3.1/../../../../arm-none-eabi/lib/thumb/v7e-m+fp/hard/crt0.o
LOAD ./Core/Src/calculations.o
LOAD ./Core/Src/displayingdata.o
LOAD ./Core/Src/doppler.o
LOAD ./Core/Src/fft.o
LOAD ./Core/Src/fmcw.o
LOAD ./Core/Src/main.o
LOAD ./Core/Src/measuring.o
LOAD ./Core/Src/menu.o
LOAD ./Core/Src/pushbutton.o
LOAD ./Core/Src/range_doppler.o
LOAD ./Core/Src/stm32f4xx_it.o
LOAD ./Core/Src/system_stm32f4xx.o
LOAD ./Core/Startup/startup_stm32f429zitx.o
LOAD ./Drivers/BSP/Components/cs43l22/cs43l22.o
LOAD ./Drivers/BSP/Components/exc7200/exc7200.o
LOAD ./Drivers/BSP/Components/ft6x06/ft6x06.o
LOAD ./Drivers/BSP/Components/ili9325/ili9325.o
LOAD ./Drivers/BSP/Components/ili9341/ili9341.o
LOAD ./Drivers/BSP/Components/l3gd20/l3gd20.o
LOAD ./Drivers/BSP/Components/lis302dl/lis302dl.o
LOAD ./Drivers/BSP/Components/lis3dsh/lis3dsh.o
LOAD ./Drivers/BSP/Components/ls016b8uy/ls016b8uy.o
LOAD ./Drivers/BSP/Components/lsm303dlhc/lsm303dlhc.o
LOAD ./Drivers/BSP/Components/mfxstm32l152/mfxstm32l152.o
LOAD ./Drivers/BSP/Components/otm8009a/otm8009a.o
LOAD ./Drivers/BSP/Components/ov2640/ov2640.o
LOAD ./Drivers/BSP/Components/ov5640/ov5640.o
LOAD ./Drivers/BSP/Components/s5k5cag/s5k5cag.o
LOAD ./Drivers/BSP/Components/st7735/st7735.o
LOAD ./Drivers/BSP/Components/st7789h2/st7789h2.o
LOAD ./Drivers/BSP/Components/stmpe1600/stmpe1600.o
LOAD ./Drivers/BSP/Components/stmpe811/stmpe811.o
LOAD ./Drivers/BSP/Components/ts3510/ts3510.o
LOAD ./Drivers/BSP/Components/wm8994/wm8994.o
LOAD ./Drivers/BSP/STM32F429I-Discovery/stm32f429i_discovery.o
LOAD ./Drivers/BSP/STM32F429I-Discovery/stm32f429i_discovery_eeprom.o
LOAD ./Drivers/BSP/STM32F429I-Discovery/stm32f429i_discovery_gyroscope.o
LOAD ./Drivers/BSP/STM32F429I-Discovery/stm32f429i_discovery_io.o
LOAD ./Drivers/BSP/STM32F429I-Discovery/stm32f429i_discovery_lcd.o
LOAD ./Drivers/BSP/STM32F429I-Discovery/stm32f429i_discovery_sdram.o
LOAD ./Drivers/BSP/STM32F429I-Discovery/stm32f429i_discovery_ts.o
LOAD ./Drivers/CMSIS/DSP/Source/arm_cfft_init_f32.o
LOAD ./Drivers/STM32F4xx_HAL_Driver/Src/stm32f4xx_hal.o
LOAD ./Drivers/STM32F4xx_HAL_Driver/Src/stm32f4xx_hal_cortex.o
LOAD ./Drivers/STM32F4xx_HAL_Driver/Src/stm32f4xx_hal_crc.o
LOAD ./Drivers/STM32F4xx_HAL_Driver/Src/stm32f4xx_hal_dma.o
LOAD ./Drivers/STM32F4xx_HAL_Driver/Src/stm32f4xx_hal_dma2d.o
LOAD ./Drivers/STM32F4xx_HAL_Driver/Src/stm32f4xx_hal_dma_ex.o
LOAD ./Drivers/STM32F4xx_HAL_Driver/Src/stm32f4xx_hal_dsi.o
LOAD ./Drivers/STM32F4xx_HAL_Driver/Src/stm32f4xx_hal_exti.o
LOAD ./Drivers/STM32F4xx_HAL_Driver/Src/stm32f4xx_hal_flash.o
LOAD ./Drivers/STM32F4xx_HAL_Driver/Src/stm32f4xx_hal_flash_ex.o
LOAD ./Drivers/STM32F4xx_HAL_Driver/Src/stm32f4xx_hal_flash_ramfunc.o
LOAD ./Drivers/STM32F4xx_HAL_Driver/Src/stm32f4xx_hal_gpio.o
LOAD ./Drivers/STM32F4xx_HAL_Driver/Src/stm32f4xx_hal_hcd.o
LOAD ./Drivers/STM32F4xx_HAL_Driver/Src/stm32f4xx_hal_i2c.o
LOAD ./Drivers/STM32F4xx_HAL_Driver/Src/stm32f4xx_hal_i2c_ex.o
LOAD ./Drivers/STM32F4xx_HAL_Driver/Src/stm32f4xx_hal_ltdc.o
LOAD ./Drivers/STM32F4xx_HAL_Driver/Src/stm32f4xx_hal_ltdc_ex.o
LOAD ./Drivers/STM32F4xx_HAL_Driver/Src/stm32f4xx_hal_pwr.o
LOAD ./Drivers/STM32F4xx_HAL_Driver/Src/stm32f4xx_hal_pwr_ex.o
LOAD ./Drivers/STM32F4xx_HAL_Driver/Src/stm32f4xx_hal_rcc.o
LOAD ./Drivers/STM32F4xx_HAL_Driver/Src/stm32f4xx_hal_rcc_ex.o
LOAD ./Drivers/STM32F4xx_HAL_Driver/Src/stm32f4xx_hal_sdram.o
LOAD ./Drivers/STM32F4xx_HAL_Driver/Src/stm32f4xx_hal_spi.o
LOAD ./Drivers/STM32F4xx_HAL_Driver/Src/stm32f4xx_hal_tim.o
LOAD ./Drivers/STM32F4xx_HAL_Driver/Src/stm32f4xx_hal_tim_ex.o
LOAD ./Drivers/STM32F4xx_HAL_Driver/Src/stm32f4xx_hal_uart.o
LOAD ./Drivers/STM32F4xx_HAL_Driver/Src/stm32f4xx_ll_fmc.o
LOAD ./Drivers/STM32F4xx_HAL_Driver/Src/stm32f4xx_ll_usb.o
LOAD ../Drivers/CMSIS/Lib/GCC\libarm_cortexM4lf_math.a
START GROUP
LOAD c:/st/stm32cubeide_1.7.0/stm32cubeide/plugins/com.st.stm32cube.ide.mcu.externaltools.gnu-tools-for-stm32.10.3-2021.10.win32_1.0.0.202111181127/tools/bin/../lib/gcc/arm-none-eabi/10.3.1/../../../../arm-none-eabi/lib/thumb/v7e-m+fp/hard\libc_nano.a
LOAD c:/st/stm32cubeide_1.7.0/stm32cubeide/plugins/com.st.stm32cube.ide.mcu.externaltools.gnu-tools-for-stm32.10.3-2021.10.win32_1.0.0.202111181127/tools/bin/../lib/gcc/arm-none-eabi/10.3.1/../../../../arm-none-eabi/lib/thumb/v7e-m+fp/hard\libm.a
END GROUP
START GROUP
LOAD c:/st/stm32cubeide_1.7.0/stm32cubeide/plugins/com.st.stm32cube.ide.mcu.externaltools.gnu-tools-for-stm32.10.3-2021.10.win32_1.0.0.202111181127/tools/bin/../lib/gcc/arm-none-eabi/10.3.1/thumb/v7e-m+fp/hard\libgcc.a
LOAD c:/st/stm32cubeide_1.7.0/stm32cubeide/plugins/com.st.stm32cube.ide.mcu.externaltools.gnu-tools-for-stm32.10.3-2021.10.win32_1.0.0.202111181127/tools/bin/../lib/gcc/arm-none-eabi/10.3.1/../../../../arm-none-eabi/lib/thumb/v7e-m+fp/hard\libc_nano.a
END GROUP
START GROUP
LOAD c:/st/stm32cubeide_1.7.0/stm32cubeide/plugins/com.st.stm32cube.ide.mcu.externaltools.gnu-tools-for-stm32.10.3-2021.10.win32_1.0.0.202111181127/tools/bin/../lib/gcc/arm-none-eabi/10.3.1/thumb/v7e-m+fp/hard\libgcc.a
LOAD c:/st/stm32cubeide_1.7.0/stm32cubeide/plugins/com.st.stm32cube.ide.mcu.externaltools.gnu-tools-for-stm32.10.3-2021.10.win32_1.0.0.202111181127/tools/bin/../lib/gcc/arm-none-eabi/10.3.1/../../../../arm-none-eabi/lib/thumb/v7e-m+fp/hard\libc_nano.a
LOAD c:/st/stm32cubeide_1.7.0/stm32cubeide/plugins/com.st.stm32cube.ide.mcu.externaltools.gnu-tools-for-stm32.10.3-2021.10.win32_1.0.0.202111181127/tools/bin/../lib/gcc/arm-none-eabi/10.3.1/../../../../arm-none-eabi/lib/thumb/v7e-m+fp/hard\libnosys.a
END GROUP
START GROUP
LOAD c:/st/stm32cubeide_1.7.0/stm32cubeide/plugins/com.st.stm32cube.ide.mcu.externaltools.gnu-tools-for-stm32.10.3-2021.10.win32_1.0.0.202111181127/tools/bin/../lib/gcc/arm-none-eabi/10.3.1/thumb/v7e-m+fp/hard\libgcc.a
LOAD c:/st/stm32cubeide_1.7.0/stm32cubeide/plugins/com.st.stm32cube.ide.mcu.externaltools.gnu-tools-for-stm32.10.3-2021.10.win32_1.0.0.202111181127/tools/bin/../lib/gcc/arm-none-eabi/10.3.1/../../../../arm-none-eabi/lib/thumb/v7e-m+fp/hard\libc_nano.a
LOAD c:/st/stm32cubeide_1.7.0/stm32cubeide/plugins/com.st.stm32cube.ide.mcu.externaltools.gnu-tools-for-stm32.10.3-2021.10.win32_1.0.0.202111181127/tools/bin/../lib/gcc/arm-none-eabi/10.3.1/../../../../arm-none-eabi/lib/thumb/v7e-m+fp/hard\libnosys.a
END GROUP
LOAD c:/st/stm32cubeide_1.7.0/stm32cubeide/plugins/com.st.stm32cube.ide.mcu.externaltools.gnu-tools-for-stm32.10.3-2021.10.win32_1.0.0.202111181127/tools/bin/../lib/gcc/arm-none-eabi/10.3.1/thumb/v7e-m+fp/hard/crtend.o
LOAD c:/st/stm32cubeide_1.7.0/stm32cubeide/plugins/com.st.stm32cube.ide.mcu.externaltools.gnu-tools-for-stm32.10.3-2021.10.win32_1.0.0.202111181127/tools/bin/../lib/gcc/arm-none-eabi/10.3.1/thumb/v7e-m+fp/hard/crtn.o
                0x0000000020030000                _estack = (ORIGIN (RAM) + LENGTH (RAM))
                0x0000000000000200                _Min_Heap_Size = 0x200
                0x0000000000000400                _Min_Stack_Size = 0x400

.isr_vector     0x0000000008000000      0x1ac
                0x0000000008000000                . = ALIGN (0x4)
 *(.isr_vector)
 .isr_vector    0x0000000008000000      0x1ac ./Core/Startup/startup_stm32f429zitx.o
                0x0000000008000000                g_pfnVectors
                0x00000000080001ac                . = ALIGN (0x4)

.text           0x00000000080001b0     0x9f08
                0x00000000080001b0                . = ALIGN (0x4)
 *(.text)
 .text          0x00000000080001b0       0x40 c:/st/stm32cubeide_1.7.0/stm32cubeide/plugins/com.st.stm32cube.ide.mcu.externaltools.gnu-tools-for-stm32.10.3-2021.10.win32_1.0.0.202111181127/tools/bin/../lib/gcc/arm-none-eabi/10.3.1/thumb/v7e-m+fp/hard/crtbegin.o
 .text          0x00000000080001f0       0xa0 c:/st/stm32cubeide_1.7.0/stm32cubeide/plugins/com.st.stm32cube.ide.mcu.externaltools.gnu-tools-for-stm32.10.3-2021.10.win32_1.0.0.202111181127/tools/bin/../lib/gcc/arm-none-eabi/10.3.1/../../../../arm-none-eabi/lib/thumb/v7e-m+fp/hard\libc_nano.a(lib_a-memchr.o)
                0x00000000080001f0                memchr
 .text          0x0000000008000290      0x378 c:/st/stm32cubeide_1.7.0/stm32cubeide/plugins/com.st.stm32cube.ide.mcu.externaltools.gnu-tools-for-stm32.10.3-2021.10.win32_1.0.0.202111181127/tools/bin/../lib/gcc/arm-none-eabi/10.3.1/thumb/v7e-m+fp/hard\libgcc.a(_arm_addsubdf3.o)
                0x0000000008000290                __aeabi_drsub
                0x0000000008000298                __aeabi_dsub
                0x0000000008000298                __subdf3
                0x000000000800029c                __aeabi_dadd
                0x000000000800029c                __adddf3
                0x0000000008000514                __floatunsidf
                0x0000000008000514                __aeabi_ui2d
                0x0000000008000534                __floatsidf
                0x0000000008000534                __aeabi_i2d
                0x0000000008000558                __aeabi_f2d
                0x0000000008000558                __extendsfdf2
                0x000000000800059c                __floatundidf
                0x000000000800059c                __aeabi_ul2d
                0x00000000080005ac                __floatdidf
                0x00000000080005ac                __aeabi_l2d
 .text          0x0000000008000608      0x424 c:/st/stm32cubeide_1.7.0/stm32cubeide/plugins/com.st.stm32cube.ide.mcu.externaltools.gnu-tools-for-stm32.10.3-2021.10.win32_1.0.0.202111181127/tools/bin/../lib/gcc/arm-none-eabi/10.3.1/thumb/v7e-m+fp/hard\libgcc.a(_arm_muldivdf3.o)
                0x0000000008000608                __aeabi_dmul
                0x0000000008000608                __muldf3
                0x000000000800085c                __divdf3
                0x000000000800085c                __aeabi_ddiv
 .text          0x0000000008000a2c      0x110 c:/st/stm32cubeide_1.7.0/stm32cubeide/plugins/com.st.stm32cube.ide.mcu.externaltools.gnu-tools-for-stm32.10.3-2021.10.win32_1.0.0.202111181127/tools/bin/../lib/gcc/arm-none-eabi/10.3.1/thumb/v7e-m+fp/hard\libgcc.a(_arm_cmpdf2.o)
                0x0000000008000a2c                __gtdf2
                0x0000000008000a2c                __gedf2
                0x0000000008000a34                __ltdf2
                0x0000000008000a34                __ledf2
                0x0000000008000a3c                __nedf2
                0x0000000008000a3c                __eqdf2
                0x0000000008000a3c                __cmpdf2
                0x0000000008000ab8                __aeabi_cdrcmple
                0x0000000008000ac8                __aeabi_cdcmpeq
                0x0000000008000ac8                __aeabi_cdcmple
                0x0000000008000ad8                __aeabi_dcmpeq
                0x0000000008000aec                __aeabi_dcmplt
                0x0000000008000b00                __aeabi_dcmple
                0x0000000008000b14                __aeabi_dcmpge
                0x0000000008000b28                __aeabi_dcmpgt
 .text          0x0000000008000b3c       0x2c c:/st/stm32cubeide_1.7.0/stm32cubeide/plugins/com.st.stm32cube.ide.mcu.externaltools.gnu-tools-for-stm32.10.3-2021.10.win32_1.0.0.202111181127/tools/bin/../lib/gcc/arm-none-eabi/10.3.1/thumb/v7e-m+fp/hard\libgcc.a(_arm_unorddf2.o)
                0x0000000008000b3c                __unorddf2
                0x0000000008000b3c                __aeabi_dcmpun
 .text          0x0000000008000b68       0x50 c:/st/stm32cubeide_1.7.0/stm32cubeide/plugins/com.st.stm32cube.ide.mcu.externaltools.gnu-tools-for-stm32.10.3-2021.10.win32_1.0.0.202111181127/tools/bin/../lib/gcc/arm-none-eabi/10.3.1/thumb/v7e-m+fp/hard\libgcc.a(_arm_fixdfsi.o)
                0x0000000008000b68                __aeabi_d2iz
                0x0000000008000b68                __fixdfsi
 .text          0x0000000008000bb8       0x30 c:/st/stm32cubeide_1.7.0/stm32cubeide/plugins/com.st.stm32cube.ide.mcu.externaltools.gnu-tools-for-stm32.10.3-2021.10.win32_1.0.0.202111181127/tools/bin/../lib/gcc/arm-none-eabi/10.3.1/thumb/v7e-m+fp/hard\libgcc.a(_aeabi_uldivmod.o)
                0x0000000008000bb8                __aeabi_uldivmod
 .text          0x0000000008000be8      0x2d0 c:/st/stm32cubeide_1.7.0/stm32cubeide/plugins/com.st.stm32cube.ide.mcu.externaltools.gnu-tools-for-stm32.10.3-2021.10.win32_1.0.0.202111181127/tools/bin/../lib/gcc/arm-none-eabi/10.3.1/thumb/v7e-m+fp/hard\libgcc.a(_udivmoddi4.o)
                0x0000000008000be8                __udivmoddi4
 .text          0x0000000008000eb8        0x4 c:/st/stm32cubeide_1.7.0/stm32cubeide/plugins/com.st.stm32cube.ide.mcu.externaltools.gnu-tools-for-stm32.10.3-2021.10.win32_1.0.0.202111181127/tools/bin/../lib/gcc/arm-none-eabi/10.3.1/thumb/v7e-m+fp/hard\libgcc.a(_dvmd_tls.o)
                0x0000000008000eb8                __aeabi_idiv0
                0x0000000008000eb8                __aeabi_ldiv0
 *(.text*)
 .text.average  0x0000000008000ebc       0x4a ./Core/Src/calculations.o
                0x0000000008000ebc                average
 .text.RMS      0x0000000008000f06       0x8e ./Core/Src/calculations.o
                0x0000000008000f06                RMS
 .text.distance_to_cable
                0x0000000008000f94      0x10c ./Core/Src/calculations.o
                0x0000000008000f94                distance_to_cable
 .text.angle_to_cable
                0x00000000080010a0       0xfc ./Core/Src/calculations.o
                0x00000000080010a0                angle_to_cable
 .text.current  0x000000000800119c       0xdc ./Core/Src/calculations.o
                0x000000000800119c                current
 .text.DISP_show_data_wire
                0x0000000008001278      0x490 ./Core/Src/displayingdata.o
                0x0000000008001278                DISP_show_data_wire
 .text.DISP_show_data_cable
                0x0000000008001708      0x490 ./Core/Src/displayingdata.o
                0x0000000008001708                DISP_show_data_cable
 .text.DISP_show_data_angle
                0x0000000008001b98      0x158 ./Core/Src/displayingdata.o
                0x0000000008001b98                DISP_show_data_angle
 .text.main     0x0000000008001cf0      0x16c ./Core/Src/main.o
                0x0000000008001cf0                main
 .text.SystemClock_Config
                0x0000000008001e5c       0xfc ./Core/Src/main.o
 .text.gyro_disable
                0x0000000008001f58       0xc0 ./Core/Src/main.o
 .text.__NVIC_EnableIRQ
                0x0000000008002018       0x3c ./Core/Src/measuring.o
 .text.__NVIC_DisableIRQ
                0x0000000008002054       0x48 ./Core/Src/measuring.o
 .text.__NVIC_ClearPendingIRQ
                0x000000000800209c       0x3c ./Core/Src/measuring.o
 .text.MEAS_GPIO_analog_init
                0x00000000080020d8       0xb4 ./Core/Src/measuring.o
                0x00000000080020d8                MEAS_GPIO_analog_init
 .text.DAC_increment
                0x000000000800218c       0x38 ./Core/Src/measuring.o
                0x000000000800218c                DAC_increment
 .text.ADC_reset
                0x00000000080021c4       0x3c ./Core/Src/measuring.o
                0x00000000080021c4                ADC_reset
 .text.MEAS_timer_init
                0x0000000008002200       0x6c ./Core/Src/measuring.o
                0x0000000008002200                MEAS_timer_init
 .text.TIM2_IRQHandler
                0x000000000800226c       0x28 ./Core/Src/measuring.o
                0x000000000800226c                TIM2_IRQHandler
 .text.ADC_IRQHandler
                0x0000000008002294       0x68 ./Core/Src/measuring.o
                0x0000000008002294                ADC_IRQHandler
 .text.DMA2_Stream1_IRQHandler
                0x00000000080022fc       0x88 ./Core/Src/measuring.o
                0x00000000080022fc                DMA2_Stream1_IRQHandler
 .text.DMA2_Stream3_IRQHandler
                0x0000000008002384       0x88 ./Core/Src/measuring.o
                0x0000000008002384                DMA2_Stream3_IRQHandler
 .text.DMA2_Stream4_IRQHandler
                0x000000000800240c       0xe4 ./Core/Src/measuring.o
                0x000000000800240c                DMA2_Stream4_IRQHandler
 .text.MEAS_CLEAR_buffer_flags
                0x00000000080024f0       0x3c ./Core/Src/measuring.o
                0x00000000080024f0                MEAS_CLEAR_buffer_flags
 .text.ADC3_scan_init
                0x000000000800252c      0x170 ./Core/Src/measuring.o
                0x000000000800252c                ADC3_scan_init
 .text.ADC3_scan_start
                0x000000000800269c       0x44 ./Core/Src/measuring.o
                0x000000000800269c                ADC3_scan_start
 .text.MEAS_sort_data
                0x00000000080026e0       0x90 ./Core/Src/measuring.o
                0x00000000080026e0                MEAS_sort_data
 .text.MENU_draw
                0x0000000008002770      0x15c ./Core/Src/menu.o
                0x0000000008002770                MENU_draw
 .text.MENU_hint
                0x00000000080028cc       0xcc ./Core/Src/menu.o
                0x00000000080028cc                MENU_hint
 .text.MENU_get_transition
                0x0000000008002998       0x24 ./Core/Src/menu.o
                0x0000000008002998                MENU_get_transition
 .text.MENU_check_transition
                0x00000000080029bc       0xb4 ./Core/Src/menu.o
                0x00000000080029bc                MENU_check_transition
 .text.EXTI15_10_IRQHandler
                0x0000000008002a70       0x44 ./Core/Src/menu.o
                0x0000000008002a70                EXTI15_10_IRQHandler
 .text.MANUAL_shut_off
                0x0000000008002ab4       0x98 ./Core/Src/menu.o
                0x0000000008002ab4                MANUAL_shut_off
 .text.__NVIC_EnableIRQ
                0x0000000008002b4c       0x3c ./Core/Src/pushbutton.o
 .text.__NVIC_ClearPendingIRQ
                0x0000000008002b88       0x3c ./Core/Src/pushbutton.o
 .text.PB_init  0x0000000008002bc4       0x40 ./Core/Src/pushbutton.o
                0x0000000008002bc4                PB_init
 .text.PB_enableIRQ
                0x0000000008002c04       0x64 ./Core/Src/pushbutton.o
                0x0000000008002c04                PB_enableIRQ
 .text.PB_pressed
                0x0000000008002c68       0x24 ./Core/Src/pushbutton.o
                0x0000000008002c68                PB_pressed
 .text.EXTI0_IRQHandler
                0x0000000008002c8c       0x34 ./Core/Src/pushbutton.o
                0x0000000008002c8c                EXTI0_IRQHandler
 .text.NMI_Handler
                0x0000000008002cc0        0xe ./Core/Src/stm32f4xx_it.o
                0x0000000008002cc0                NMI_Handler
 .text.HardFault_Handler
                0x0000000008002cce        0x6 ./Core/Src/stm32f4xx_it.o
                0x0000000008002cce                HardFault_Handler
 .text.MemManage_Handler
                0x0000000008002cd4        0x6 ./Core/Src/stm32f4xx_it.o
                0x0000000008002cd4                MemManage_Handler
 .text.BusFault_Handler
                0x0000000008002cda        0x6 ./Core/Src/stm32f4xx_it.o
                0x0000000008002cda                BusFault_Handler
 .text.UsageFault_Handler
                0x0000000008002ce0        0x6 ./Core/Src/stm32f4xx_it.o
                0x0000000008002ce0                UsageFault_Handler
 .text.SVC_Handler
                0x0000000008002ce6        0xe ./Core/Src/stm32f4xx_it.o
                0x0000000008002ce6                SVC_Handler
 .text.DebugMon_Handler
                0x0000000008002cf4        0xe ./Core/Src/stm32f4xx_it.o
                0x0000000008002cf4                DebugMon_Handler
 .text.PendSV_Handler
                0x0000000008002d02        0xe ./Core/Src/stm32f4xx_it.o
                0x0000000008002d02                PendSV_Handler
 .text.SysTick_Handler
                0x0000000008002d10        0xc ./Core/Src/stm32f4xx_it.o
                0x0000000008002d10                SysTick_Handler
 .text.SystemInit
                0x0000000008002d1c       0x6c ./Core/Src/system_stm32f4xx.o
                0x0000000008002d1c                SystemInit
 .text.Reset_Handler
                0x0000000008002d88       0x50 ./Core/Startup/startup_stm32f429zitx.o
                0x0000000008002d88                Reset_Handler
 .text.Default_Handler
                0x0000000008002dd8        0x2 ./Core/Startup/startup_stm32f429zitx.o
                0x0000000008002dd8                RTC_Alarm_IRQHandler
                0x0000000008002dd8                HASH_RNG_IRQHandler
                0x0000000008002dd8                EXTI2_IRQHandler
                0x0000000008002dd8                TIM8_CC_IRQHandler
                0x0000000008002dd8                UART8_IRQHandler
                0x0000000008002dd8                SPI4_IRQHandler
                0x0000000008002dd8                TIM1_CC_IRQHandler
                0x0000000008002dd8                DMA2_Stream5_IRQHandler
                0x0000000008002dd8                DMA1_Stream5_IRQHandler
                0x0000000008002dd8                PVD_IRQHandler
                0x0000000008002dd8                SDIO_IRQHandler
                0x0000000008002dd8                TAMP_STAMP_IRQHandler
                0x0000000008002dd8                CAN2_RX1_IRQHandler
                0x0000000008002dd8                EXTI3_IRQHandler
                0x0000000008002dd8                TIM8_TRG_COM_TIM14_IRQHandler
                0x0000000008002dd8                TIM1_UP_TIM10_IRQHandler
                0x0000000008002dd8                TIM8_UP_TIM13_IRQHandler
                0x0000000008002dd8                I2C3_ER_IRQHandler
                0x0000000008002dd8                I2C2_EV_IRQHandler
                0x0000000008002dd8                DMA1_Stream2_IRQHandler
                0x0000000008002dd8                CAN1_RX0_IRQHandler
                0x0000000008002dd8                FPU_IRQHandler
                0x0000000008002dd8                OTG_HS_WKUP_IRQHandler
                0x0000000008002dd8                LTDC_ER_IRQHandler
                0x0000000008002dd8                CAN2_SCE_IRQHandler
                0x0000000008002dd8                DMA2_Stream2_IRQHandler
                0x0000000008002dd8                SPI1_IRQHandler
                0x0000000008002dd8                TIM6_DAC_IRQHandler
                0x0000000008002dd8                TIM1_BRK_TIM9_IRQHandler
                0x0000000008002dd8                DCMI_IRQHandler
                0x0000000008002dd8                CAN2_RX0_IRQHandler
                0x0000000008002dd8                USART6_IRQHandler
                0x0000000008002dd8                USART3_IRQHandler
                0x0000000008002dd8                CAN1_RX1_IRQHandler
                0x0000000008002dd8                UART5_IRQHandler
                0x0000000008002dd8                DMA2_Stream0_IRQHandler
                0x0000000008002dd8                TIM4_IRQHandler
                0x0000000008002dd8                I2C1_EV_IRQHandler
                0x0000000008002dd8                DMA1_Stream6_IRQHandler
                0x0000000008002dd8                DMA1_Stream1_IRQHandler
                0x0000000008002dd8                UART4_IRQHandler
                0x0000000008002dd8                TIM3_IRQHandler
                0x0000000008002dd8                RCC_IRQHandler
                0x0000000008002dd8                TIM8_BRK_TIM12_IRQHandler
                0x0000000008002dd8                Default_Handler
                0x0000000008002dd8                DMA1_Stream7_IRQHandler
                0x0000000008002dd8                SPI5_IRQHandler
                0x0000000008002dd8                TIM7_IRQHandler
                0x0000000008002dd8                CAN2_TX_IRQHandler
                0x0000000008002dd8                TIM5_IRQHandler
                0x0000000008002dd8                DMA2_Stream7_IRQHandler
                0x0000000008002dd8                I2C3_EV_IRQHandler
                0x0000000008002dd8                EXTI9_5_IRQHandler
                0x0000000008002dd8                RTC_WKUP_IRQHandler
                0x0000000008002dd8                LTDC_IRQHandler
                0x0000000008002dd8                ETH_WKUP_IRQHandler
                0x0000000008002dd8                SPI2_IRQHandler
                0x0000000008002dd8                OTG_HS_EP1_IN_IRQHandler
                0x0000000008002dd8                DMA1_Stream0_IRQHandler
                0x0000000008002dd8                CAN1_TX_IRQHandler
                0x0000000008002dd8                EXTI4_IRQHandler
                0x0000000008002dd8                ETH_IRQHandler
                0x0000000008002dd8                OTG_HS_EP1_OUT_IRQHandler
                0x0000000008002dd8                WWDG_IRQHandler
                0x0000000008002dd8                SPI6_IRQHandler
                0x0000000008002dd8                OTG_FS_WKUP_IRQHandler
                0x0000000008002dd8                TIM1_TRG_COM_TIM11_IRQHandler
                0x0000000008002dd8                OTG_HS_IRQHandler
                0x0000000008002dd8                DMA2D_IRQHandler
                0x0000000008002dd8                EXTI1_IRQHandler
                0x0000000008002dd8                UART7_IRQHandler
                0x0000000008002dd8                USART2_IRQHandler
                0x0000000008002dd8                I2C2_ER_IRQHandler
                0x0000000008002dd8                CAN1_SCE_IRQHandler
                0x0000000008002dd8                FLASH_IRQHandler
                0x0000000008002dd8                USART1_IRQHandler
                0x0000000008002dd8                OTG_FS_IRQHandler
                0x0000000008002dd8                SPI3_IRQHandler
                0x0000000008002dd8                DMA1_Stream4_IRQHandler
                0x0000000008002dd8                I2C1_ER_IRQHandler
                0x0000000008002dd8                FMC_IRQHandler
                0x0000000008002dd8                DMA2_Stream6_IRQHandler
                0x0000000008002dd8                SAI1_IRQHandler
                0x0000000008002dd8                DMA1_Stream3_IRQHandler
 .text.ili9341_Init
                0x0000000008002dda      0x294 ./Drivers/BSP/Components/ili9341/ili9341.o
                0x0000000008002dda                ili9341_Init
 .text.ili9341_ReadID
                0x000000000800306e       0x18 ./Drivers/BSP/Components/ili9341/ili9341.o
                0x000000000800306e                ili9341_ReadID
 .text.ili9341_DisplayOn
                0x0000000008003086        0xe ./Drivers/BSP/Components/ili9341/ili9341.o
                0x0000000008003086                ili9341_DisplayOn
 .text.ili9341_DisplayOff
                0x0000000008003094        0xe ./Drivers/BSP/Components/ili9341/ili9341.o
                0x0000000008003094                ili9341_DisplayOff
 .text.ili9341_WriteReg
                0x00000000080030a2       0x1a ./Drivers/BSP/Components/ili9341/ili9341.o
                0x00000000080030a2                ili9341_WriteReg
 .text.ili9341_WriteData
                0x00000000080030bc       0x1a ./Drivers/BSP/Components/ili9341/ili9341.o
                0x00000000080030bc                ili9341_WriteData
 .text.ili9341_ReadData
                0x00000000080030d6       0x26 ./Drivers/BSP/Components/ili9341/ili9341.o
                0x00000000080030d6                ili9341_ReadData
 .text.ili9341_GetLcdPixelWidth
                0x00000000080030fc       0x10 ./Drivers/BSP/Components/ili9341/ili9341.o
                0x00000000080030fc                ili9341_GetLcdPixelWidth
 .text.ili9341_GetLcdPixelHeight
                0x000000000800310c       0x12 ./Drivers/BSP/Components/ili9341/ili9341.o
                0x000000000800310c                ili9341_GetLcdPixelHeight
 *fill*         0x000000000800311e        0x2 
 .text.stmpe811_Init
                0x0000000008003120       0x50 ./Drivers/BSP/Components/stmpe811/stmpe811.o
                0x0000000008003120                stmpe811_Init
 .text.stmpe811_Reset
                0x0000000008003170       0x3a ./Drivers/BSP/Components/stmpe811/stmpe811.o
                0x0000000008003170                stmpe811_Reset
 .text.stmpe811_ReadID
                0x00000000080031aa       0x3e ./Drivers/BSP/Components/stmpe811/stmpe811.o
                0x00000000080031aa                stmpe811_ReadID
 .text.stmpe811_EnableGlobalIT
                0x00000000080031e8       0x3c ./Drivers/BSP/Components/stmpe811/stmpe811.o
                0x00000000080031e8                stmpe811_EnableGlobalIT
 .text.stmpe811_DisableGlobalIT
                0x0000000008003224       0x3c ./Drivers/BSP/Components/stmpe811/stmpe811.o
                0x0000000008003224                stmpe811_DisableGlobalIT
 .text.stmpe811_EnableITSource
                0x0000000008003260       0x42 ./Drivers/BSP/Components/stmpe811/stmpe811.o
                0x0000000008003260                stmpe811_EnableITSource
 .text.stmpe811_DisableITSource
                0x00000000080032a2       0x4c ./Drivers/BSP/Components/stmpe811/stmpe811.o
                0x00000000080032a2                stmpe811_DisableITSource
 .text.stmpe811_ReadGITStatus
                0x00000000080032ee       0x2e ./Drivers/BSP/Components/stmpe811/stmpe811.o
                0x00000000080032ee                stmpe811_ReadGITStatus
 .text.stmpe811_ClearGlobalIT
                0x000000000800331c       0x26 ./Drivers/BSP/Components/stmpe811/stmpe811.o
                0x000000000800331c                stmpe811_ClearGlobalIT
 .text.stmpe811_IO_EnableAF
                0x0000000008003342       0x48 ./Drivers/BSP/Components/stmpe811/stmpe811.o
                0x0000000008003342                stmpe811_IO_EnableAF
 .text.stmpe811_TS_Start
                0x000000000800338a       0xf0 ./Drivers/BSP/Components/stmpe811/stmpe811.o
                0x000000000800338a                stmpe811_TS_Start
 .text.stmpe811_TS_DetectTouch
                0x000000000800347a       0x70 ./Drivers/BSP/Components/stmpe811/stmpe811.o
                0x000000000800347a                stmpe811_TS_DetectTouch
 .text.stmpe811_TS_GetXY
                0x00000000080034ea       0x72 ./Drivers/BSP/Components/stmpe811/stmpe811.o
                0x00000000080034ea                stmpe811_TS_GetXY
 .text.stmpe811_TS_EnableIT
                0x000000000800355c       0x28 ./Drivers/BSP/Components/stmpe811/stmpe811.o
                0x000000000800355c                stmpe811_TS_EnableIT
 .text.stmpe811_TS_DisableIT
                0x0000000008003584       0x24 ./Drivers/BSP/Components/stmpe811/stmpe811.o
                0x0000000008003584                stmpe811_TS_DisableIT
 .text.stmpe811_TS_ITStatus
                0x00000000080035a8       0x1e ./Drivers/BSP/Components/stmpe811/stmpe811.o
                0x00000000080035a8                stmpe811_TS_ITStatus
 .text.stmpe811_TS_ClearIT
                0x00000000080035c6       0x1c ./Drivers/BSP/Components/stmpe811/stmpe811.o
                0x00000000080035c6                stmpe811_TS_ClearIT
 *fill*         0x00000000080035e2        0x2 
 .text.stmpe811_GetInstance
                0x00000000080035e4       0x44 ./Drivers/BSP/Components/stmpe811/stmpe811.o
 .text.BSP_LED_Init
                0x0000000008003628       0xa8 ./Drivers/BSP/STM32F429I-Discovery/stm32f429i_discovery.o
                0x0000000008003628                BSP_LED_Init
 .text.BSP_LED_On
                0x00000000080036d0       0x34 ./Drivers/BSP/STM32F429I-Discovery/stm32f429i_discovery.o
                0x00000000080036d0                BSP_LED_On
 .text.BSP_LED_Toggle
                0x0000000008003704       0x34 ./Drivers/BSP/STM32F429I-Discovery/stm32f429i_discovery.o
                0x0000000008003704                BSP_LED_Toggle
 .text.I2Cx_MspInit
                0x0000000008003738       0xec ./Drivers/BSP/STM32F429I-Discovery/stm32f429i_discovery.o
 .text.I2Cx_Init
                0x0000000008003824       0x64 ./Drivers/BSP/STM32F429I-Discovery/stm32f429i_discovery.o
 .text.I2Cx_ITConfig
                0x0000000008003888       0x64 ./Drivers/BSP/STM32F429I-Discovery/stm32f429i_discovery.o
 .text.I2Cx_WriteData
                0x00000000080038ec       0x54 ./Drivers/BSP/STM32F429I-Discovery/stm32f429i_discovery.o
 .text.I2Cx_ReadData
                0x0000000008003940       0x58 ./Drivers/BSP/STM32F429I-Discovery/stm32f429i_discovery.o
 .text.I2Cx_ReadBuffer
                0x0000000008003998       0x5c ./Drivers/BSP/STM32F429I-Discovery/stm32f429i_discovery.o
 .text.I2Cx_Error
                0x00000000080039f4       0x18 ./Drivers/BSP/STM32F429I-Discovery/stm32f429i_discovery.o
 .text.SPIx_Init
                0x0000000008003a0c       0x74 ./Drivers/BSP/STM32F429I-Discovery/stm32f429i_discovery.o
 .text.SPIx_Read
                0x0000000008003a80       0x40 ./Drivers/BSP/STM32F429I-Discovery/stm32f429i_discovery.o
 .text.SPIx_Write
                0x0000000008003ac0       0x3c ./Drivers/BSP/STM32F429I-Discovery/stm32f429i_discovery.o
 .text.SPIx_Error
                0x0000000008003afc       0x18 ./Drivers/BSP/STM32F429I-Discovery/stm32f429i_discovery.o
 .text.SPIx_MspInit
                0x0000000008003b14       0x74 ./Drivers/BSP/STM32F429I-Discovery/stm32f429i_discovery.o
 .text.LCD_IO_Init
                0x0000000008003b88       0xf0 ./Drivers/BSP/STM32F429I-Discovery/stm32f429i_discovery.o
                0x0000000008003b88                LCD_IO_Init
 .text.LCD_IO_WriteData
                0x0000000008003c78       0x44 ./Drivers/BSP/STM32F429I-Discovery/stm32f429i_discovery.o
                0x0000000008003c78                LCD_IO_WriteData
 .text.LCD_IO_WriteReg
                0x0000000008003cbc       0x44 ./Drivers/BSP/STM32F429I-Discovery/stm32f429i_discovery.o
                0x0000000008003cbc                LCD_IO_WriteReg
 .text.LCD_IO_ReadData
                0x0000000008003d00       0x64 ./Drivers/BSP/STM32F429I-Discovery/stm32f429i_discovery.o
                0x0000000008003d00                LCD_IO_ReadData
 .text.LCD_Delay
                0x0000000008003d64       0x16 ./Drivers/BSP/STM32F429I-Discovery/stm32f429i_discovery.o
                0x0000000008003d64                LCD_Delay
 .text.IOE_Init
                0x0000000008003d7a        0xc ./Drivers/BSP/STM32F429I-Discovery/stm32f429i_discovery.o
                0x0000000008003d7a                IOE_Init
 .text.IOE_ITConfig
                0x0000000008003d86        0xc ./Drivers/BSP/STM32F429I-Discovery/stm32f429i_discovery.o
                0x0000000008003d86                IOE_ITConfig
 .text.IOE_Write
                0x0000000008003d92       0x26 ./Drivers/BSP/STM32F429I-Discovery/stm32f429i_discovery.o
                0x0000000008003d92                IOE_Write
 .text.IOE_Read
                0x0000000008003db8       0x26 ./Drivers/BSP/STM32F429I-Discovery/stm32f429i_discovery.o
                0x0000000008003db8                IOE_Read
 .text.IOE_ReadMultiple
                0x0000000008003dde       0x2e ./Drivers/BSP/STM32F429I-Discovery/stm32f429i_discovery.o
                0x0000000008003dde                IOE_ReadMultiple
 .text.IOE_Delay
                0x0000000008003e0c       0x16 ./Drivers/BSP/STM32F429I-Discovery/stm32f429i_discovery.o
                0x0000000008003e0c                IOE_Delay
 *fill*         0x0000000008003e22        0x2 
 .text.BSP_LCD_Init
                0x0000000008003e24       0xd4 ./Drivers/BSP/STM32F429I-Discovery/stm32f429i_discovery_lcd.o
                0x0000000008003e24                BSP_LCD_Init
 .text.BSP_LCD_GetXSize
                0x0000000008003ef8       0x18 ./Drivers/BSP/STM32F429I-Discovery/stm32f429i_discovery_lcd.o
                0x0000000008003ef8                BSP_LCD_GetXSize
 .text.BSP_LCD_GetYSize
                0x0000000008003f10       0x18 ./Drivers/BSP/STM32F429I-Discovery/stm32f429i_discovery_lcd.o
                0x0000000008003f10                BSP_LCD_GetYSize
 .text.BSP_LCD_LayerDefaultInit
                0x0000000008003f28       0xc8 ./Drivers/BSP/STM32F429I-Discovery/stm32f429i_discovery_lcd.o
                0x0000000008003f28                BSP_LCD_LayerDefaultInit
 .text.BSP_LCD_SelectLayer
                0x0000000008003ff0       0x20 ./Drivers/BSP/STM32F429I-Discovery/stm32f429i_discovery_lcd.o
                0x0000000008003ff0                BSP_LCD_SelectLayer
 .text.BSP_LCD_SetTextColor
                0x0000000008004010       0x30 ./Drivers/BSP/STM32F429I-Discovery/stm32f429i_discovery_lcd.o
                0x0000000008004010                BSP_LCD_SetTextColor
 .text.BSP_LCD_SetBackColor
                0x0000000008004040       0x34 ./Drivers/BSP/STM32F429I-Discovery/stm32f429i_discovery_lcd.o
                0x0000000008004040                BSP_LCD_SetBackColor
 .text.BSP_LCD_SetFont
                0x0000000008004074       0x34 ./Drivers/BSP/STM32F429I-Discovery/stm32f429i_discovery_lcd.o
                0x0000000008004074                BSP_LCD_SetFont
 .text.BSP_LCD_Clear
                0x00000000080040a8       0x50 ./Drivers/BSP/STM32F429I-Discovery/stm32f429i_discovery_lcd.o
                0x00000000080040a8                BSP_LCD_Clear
 .text.BSP_LCD_DisplayChar
                0x00000000080040f8       0x88 ./Drivers/BSP/STM32F429I-Discovery/stm32f429i_discovery_lcd.o
                0x00000000080040f8                BSP_LCD_DisplayChar
 .text.BSP_LCD_DisplayStringAt
                0x0000000008004180      0x17c ./Drivers/BSP/STM32F429I-Discovery/stm32f429i_discovery_lcd.o
                0x0000000008004180                BSP_LCD_DisplayStringAt
 .text.BSP_LCD_DrawHLine
                0x00000000080042fc       0x7c ./Drivers/BSP/STM32F429I-Discovery/stm32f429i_discovery_lcd.o
                0x00000000080042fc                BSP_LCD_DrawHLine
 .text.BSP_LCD_DrawLine
                0x0000000008004378      0x194 ./Drivers/BSP/STM32F429I-Discovery/stm32f429i_discovery_lcd.o
                0x0000000008004378                BSP_LCD_DrawLine
 .text.BSP_LCD_DrawCircle
                0x000000000800450c      0x1d4 ./Drivers/BSP/STM32F429I-Discovery/stm32f429i_discovery_lcd.o
                0x000000000800450c                BSP_LCD_DrawCircle
 .text.BSP_LCD_FillRect
                0x00000000080046e0       0xb4 ./Drivers/BSP/STM32F429I-Discovery/stm32f429i_discovery_lcd.o
                0x00000000080046e0                BSP_LCD_FillRect
 .text.BSP_LCD_FillCircle
                0x0000000008004794      0x140 ./Drivers/BSP/STM32F429I-Discovery/stm32f429i_discovery_lcd.o
                0x0000000008004794                BSP_LCD_FillCircle
 .text.BSP_LCD_DisplayOn
                0x00000000080048d4       0x20 ./Drivers/BSP/STM32F429I-Discovery/stm32f429i_discovery_lcd.o
                0x00000000080048d4                BSP_LCD_DisplayOn
 .text.BSP_LCD_MspInit
                0x00000000080048f4      0x1ac ./Drivers/BSP/STM32F429I-Discovery/stm32f429i_discovery_lcd.o
                0x00000000080048f4                BSP_LCD_MspInit
 .text.BSP_LCD_DrawPixel
                0x0000000008004aa0       0x4c ./Drivers/BSP/STM32F429I-Discovery/stm32f429i_discovery_lcd.o
                0x0000000008004aa0                BSP_LCD_DrawPixel
 .text.DrawChar
                0x0000000008004aec      0x174 ./Drivers/BSP/STM32F429I-Discovery/stm32f429i_discovery_lcd.o
 .text.FillBuffer
                0x0000000008004c60       0x70 ./Drivers/BSP/STM32F429I-Discovery/stm32f429i_discovery_lcd.o
 .text.BSP_SDRAM_Init
                0x0000000008004cd0       0xbc ./Drivers/BSP/STM32F429I-Discovery/stm32f429i_discovery_sdram.o
                0x0000000008004cd0                BSP_SDRAM_Init
 .text.BSP_SDRAM_Initialization_sequence
                0x0000000008004d8c       0xc0 ./Drivers/BSP/STM32F429I-Discovery/stm32f429i_discovery_sdram.o
                0x0000000008004d8c                BSP_SDRAM_Initialization_sequence
 .text.BSP_SDRAM_MspInit
                0x0000000008004e4c      0x218 ./Drivers/BSP/STM32F429I-Discovery/stm32f429i_discovery_sdram.o
                0x0000000008004e4c                BSP_SDRAM_MspInit
 .text.BSP_TS_Init
                0x0000000008005064       0x74 ./Drivers/BSP/STM32F429I-Discovery/stm32f429i_discovery_ts.o
                0x0000000008005064                BSP_TS_Init
 .text.BSP_TS_ITGetStatus
                0x00000000080050d8       0x18 ./Drivers/BSP/STM32F429I-Discovery/stm32f429i_discovery_ts.o
                0x00000000080050d8                BSP_TS_ITGetStatus
 .text.BSP_TS_GetState
                0x00000000080050f0      0x164 ./Drivers/BSP/STM32F429I-Discovery/stm32f429i_discovery_ts.o
                0x00000000080050f0                BSP_TS_GetState
 .text.BSP_TS_ITClear
                0x0000000008005254       0x18 ./Drivers/BSP/STM32F429I-Discovery/stm32f429i_discovery_ts.o
                0x0000000008005254                BSP_TS_ITClear
 .text.HAL_Init
                0x000000000800526c       0x44 ./Drivers/STM32F4xx_HAL_Driver/Src/stm32f4xx_hal.o
                0x000000000800526c                HAL_Init
 .text.HAL_MspInit
                0x00000000080052b0        0xe ./Drivers/STM32F4xx_HAL_Driver/Src/stm32f4xx_hal.o
                0x00000000080052b0                HAL_MspInit
 *fill*         0x00000000080052be        0x2 
 .text.HAL_InitTick
                0x00000000080052c0       0x60 ./Drivers/STM32F4xx_HAL_Driver/Src/stm32f4xx_hal.o
                0x00000000080052c0                HAL_InitTick
 .text.HAL_IncTick
                0x0000000008005320       0x28 ./Drivers/STM32F4xx_HAL_Driver/Src/stm32f4xx_hal.o
                0x0000000008005320                HAL_IncTick
 .text.HAL_GetTick
                0x0000000008005348       0x18 ./Drivers/STM32F4xx_HAL_Driver/Src/stm32f4xx_hal.o
                0x0000000008005348                HAL_GetTick
 .text.HAL_Delay
                0x0000000008005360       0x48 ./Drivers/STM32F4xx_HAL_Driver/Src/stm32f4xx_hal.o
                0x0000000008005360                HAL_Delay
 .text.__NVIC_SetPriorityGrouping
                0x00000000080053a8       0x48 ./Drivers/STM32F4xx_HAL_Driver/Src/stm32f4xx_hal_cortex.o
 .text.__NVIC_GetPriorityGrouping
                0x00000000080053f0       0x1c ./Drivers/STM32F4xx_HAL_Driver/Src/stm32f4xx_hal_cortex.o
 .text.__NVIC_EnableIRQ
                0x000000000800540c       0x3c ./Drivers/STM32F4xx_HAL_Driver/Src/stm32f4xx_hal_cortex.o
 .text.__NVIC_SetPriority
                0x0000000008005448       0x54 ./Drivers/STM32F4xx_HAL_Driver/Src/stm32f4xx_hal_cortex.o
 .text.NVIC_EncodePriority
                0x000000000800549c       0x66 ./Drivers/STM32F4xx_HAL_Driver/Src/stm32f4xx_hal_cortex.o
 *fill*         0x0000000008005502        0x2 
 .text.SysTick_Config
                0x0000000008005504       0x44 ./Drivers/STM32F4xx_HAL_Driver/Src/stm32f4xx_hal_cortex.o
 .text.HAL_NVIC_SetPriorityGrouping
                0x0000000008005548       0x16 ./Drivers/STM32F4xx_HAL_Driver/Src/stm32f4xx_hal_cortex.o
                0x0000000008005548                HAL_NVIC_SetPriorityGrouping
 .text.HAL_NVIC_SetPriority
                0x000000000800555e       0x38 ./Drivers/STM32F4xx_HAL_Driver/Src/stm32f4xx_hal_cortex.o
                0x000000000800555e                HAL_NVIC_SetPriority
 .text.HAL_NVIC_EnableIRQ
                0x0000000008005596       0x1c ./Drivers/STM32F4xx_HAL_Driver/Src/stm32f4xx_hal_cortex.o
                0x0000000008005596                HAL_NVIC_EnableIRQ
 .text.HAL_SYSTICK_Config
                0x00000000080055b2       0x18 ./Drivers/STM32F4xx_HAL_Driver/Src/stm32f4xx_hal_cortex.o
                0x00000000080055b2                HAL_SYSTICK_Config
 *fill*         0x00000000080055ca        0x2 
 .text.HAL_DMA_Init
                0x00000000080055cc      0x15c ./Drivers/STM32F4xx_HAL_Driver/Src/stm32f4xx_hal_dma.o
                0x00000000080055cc                HAL_DMA_Init
 .text.HAL_DMA_DeInit
                0x0000000008005728       0xbc ./Drivers/STM32F4xx_HAL_Driver/Src/stm32f4xx_hal_dma.o
                0x0000000008005728                HAL_DMA_DeInit
 .text.DMA_CalcBaseAndBitshift
                0x00000000080057e4       0x6c ./Drivers/STM32F4xx_HAL_Driver/Src/stm32f4xx_hal_dma.o
 .text.DMA_CheckFifoParam
                0x0000000008005850       0xf8 ./Drivers/STM32F4xx_HAL_Driver/Src/stm32f4xx_hal_dma.o
 .text.HAL_DMA2D_Init
                0x0000000008005948       0x92 ./Drivers/STM32F4xx_HAL_Driver/Src/stm32f4xx_hal_dma2d.o
                0x0000000008005948                HAL_DMA2D_Init
 .text.HAL_DMA2D_MspInit
                0x00000000080059da       0x14 ./Drivers/STM32F4xx_HAL_Driver/Src/stm32f4xx_hal_dma2d.o
                0x00000000080059da                HAL_DMA2D_MspInit
 .text.HAL_DMA2D_Start
                0x00000000080059ee       0x56 ./Drivers/STM32F4xx_HAL_Driver/Src/stm32f4xx_hal_dma2d.o
                0x00000000080059ee                HAL_DMA2D_Start
 .text.HAL_DMA2D_PollForTransfer
                0x0000000008005a44      0x1d2 ./Drivers/STM32F4xx_HAL_Driver/Src/stm32f4xx_hal_dma2d.o
                0x0000000008005a44                HAL_DMA2D_PollForTransfer
 *fill*         0x0000000008005c16        0x2 
 .text.HAL_DMA2D_ConfigLayer
                0x0000000008005c18      0x124 ./Drivers/STM32F4xx_HAL_Driver/Src/stm32f4xx_hal_dma2d.o
                0x0000000008005c18                HAL_DMA2D_ConfigLayer
 .text.DMA2D_SetConfig
                0x0000000008005d3c      0x138 ./Drivers/STM32F4xx_HAL_Driver/Src/stm32f4xx_hal_dma2d.o
 .text.HAL_GPIO_Init
                0x0000000008005e74      0x358 ./Drivers/STM32F4xx_HAL_Driver/Src/stm32f4xx_hal_gpio.o
                0x0000000008005e74                HAL_GPIO_Init
 .text.HAL_GPIO_WritePin
                0x00000000080061cc       0x32 ./Drivers/STM32F4xx_HAL_Driver/Src/stm32f4xx_hal_gpio.o
                0x00000000080061cc                HAL_GPIO_WritePin
 .text.HAL_GPIO_TogglePin
                0x00000000080061fe       0x36 ./Drivers/STM32F4xx_HAL_Driver/Src/stm32f4xx_hal_gpio.o
                0x00000000080061fe                HAL_GPIO_TogglePin
 .text.HAL_I2C_Init
                0x0000000008006234      0x288 ./Drivers/STM32F4xx_HAL_Driver/Src/stm32f4xx_hal_i2c.o
                0x0000000008006234                HAL_I2C_Init
 .text.HAL_I2C_DeInit
                0x00000000080064bc       0x5e ./Drivers/STM32F4xx_HAL_Driver/Src/stm32f4xx_hal_i2c.o
                0x00000000080064bc                HAL_I2C_DeInit
 .text.HAL_I2C_MspInit
                0x000000000800651a       0x14 ./Drivers/STM32F4xx_HAL_Driver/Src/stm32f4xx_hal_i2c.o
                0x000000000800651a                HAL_I2C_MspInit
 .text.HAL_I2C_MspDeInit
                0x000000000800652e       0x14 ./Drivers/STM32F4xx_HAL_Driver/Src/stm32f4xx_hal_i2c.o
                0x000000000800652e                HAL_I2C_MspDeInit
 *fill*         0x0000000008006542        0x2 
 .text.HAL_I2C_Mem_Write
                0x0000000008006544      0x1f4 ./Drivers/STM32F4xx_HAL_Driver/Src/stm32f4xx_hal_i2c.o
                0x0000000008006544                HAL_I2C_Mem_Write
 .text.HAL_I2C_Mem_Read
                0x0000000008006738      0x44c ./Drivers/STM32F4xx_HAL_Driver/Src/stm32f4xx_hal_i2c.o
                0x0000000008006738                HAL_I2C_Mem_Read
 .text.HAL_I2C_GetState
                0x0000000008006b84       0x1c ./Drivers/STM32F4xx_HAL_Driver/Src/stm32f4xx_hal_i2c.o
                0x0000000008006b84                HAL_I2C_GetState
 .text.I2C_RequestMemoryWrite
                0x0000000008006ba0      0x128 ./Drivers/STM32F4xx_HAL_Driver/Src/stm32f4xx_hal_i2c.o
 .text.I2C_RequestMemoryRead
                0x0000000008006cc8      0x1cc ./Drivers/STM32F4xx_HAL_Driver/Src/stm32f4xx_hal_i2c.o
 .text.I2C_WaitOnFlagUntilTimeout
                0x0000000008006e94       0xae ./Drivers/STM32F4xx_HAL_Driver/Src/stm32f4xx_hal_i2c.o
 .text.I2C_WaitOnMasterAddressFlagUntilTimeout
                0x0000000008006f42       0xfe ./Drivers/STM32F4xx_HAL_Driver/Src/stm32f4xx_hal_i2c.o
 .text.I2C_WaitOnTXEFlagUntilTimeout
                0x0000000008007040       0x82 ./Drivers/STM32F4xx_HAL_Driver/Src/stm32f4xx_hal_i2c.o
 .text.I2C_WaitOnBTFFlagUntilTimeout
                0x00000000080070c2       0x82 ./Drivers/STM32F4xx_HAL_Driver/Src/stm32f4xx_hal_i2c.o
 .text.I2C_WaitOnRXNEFlagUntilTimeout
                0x0000000008007144       0xac ./Drivers/STM32F4xx_HAL_Driver/Src/stm32f4xx_hal_i2c.o
 .text.I2C_IsAcknowledgeFailed
                0x00000000080071f0       0x5e ./Drivers/STM32F4xx_HAL_Driver/Src/stm32f4xx_hal_i2c.o
 *fill*         0x000000000800724e        0x2 
 .text.HAL_LTDC_Init
                0x0000000008007250      0x1a0 ./Drivers/STM32F4xx_HAL_Driver/Src/stm32f4xx_hal_ltdc.o
                0x0000000008007250                HAL_LTDC_Init
 .text.HAL_LTDC_MspInit
                0x00000000080073f0       0x14 ./Drivers/STM32F4xx_HAL_Driver/Src/stm32f4xx_hal_ltdc.o
                0x00000000080073f0                HAL_LTDC_MspInit
 .text.HAL_LTDC_ConfigLayer
                0x0000000008007404       0x7c ./Drivers/STM32F4xx_HAL_Driver/Src/stm32f4xx_hal_ltdc.o
                0x0000000008007404                HAL_LTDC_ConfigLayer
 .text.HAL_LTDC_EnableDither
                0x0000000008007480       0x54 ./Drivers/STM32F4xx_HAL_Driver/Src/stm32f4xx_hal_ltdc.o
                0x0000000008007480                HAL_LTDC_EnableDither
 .text.LTDC_SetConfig
                0x00000000080074d4      0x32e ./Drivers/STM32F4xx_HAL_Driver/Src/stm32f4xx_hal_ltdc.o
 *fill*         0x0000000008007802        0x2 
 .text.HAL_RCC_OscConfig
                0x0000000008007804      0x4dc ./Drivers/STM32F4xx_HAL_Driver/Src/stm32f4xx_hal_rcc.o
                0x0000000008007804                HAL_RCC_OscConfig
 .text.HAL_RCC_ClockConfig
                0x0000000008007ce0      0x1cc ./Drivers/STM32F4xx_HAL_Driver/Src/stm32f4xx_hal_rcc.o
                0x0000000008007ce0                HAL_RCC_ClockConfig
 .text.HAL_RCC_GetSysClockFreq
                0x0000000008007eac      0x20c ./Drivers/STM32F4xx_HAL_Driver/Src/stm32f4xx_hal_rcc.o
                0x0000000008007eac                HAL_RCC_GetSysClockFreq
 .text.HAL_RCC_GetHCLKFreq
                0x00000000080080b8       0x18 ./Drivers/STM32F4xx_HAL_Driver/Src/stm32f4xx_hal_rcc.o
                0x00000000080080b8                HAL_RCC_GetHCLKFreq
 .text.HAL_RCC_GetPCLK1Freq
                0x00000000080080d0       0x28 ./Drivers/STM32F4xx_HAL_Driver/Src/stm32f4xx_hal_rcc.o
                0x00000000080080d0                HAL_RCC_GetPCLK1Freq
 .text.HAL_RCCEx_PeriphCLKConfig
                0x00000000080080f8      0x380 ./Drivers/STM32F4xx_HAL_Driver/Src/stm32f4xx_hal_rcc_ex.o
                0x00000000080080f8                HAL_RCCEx_PeriphCLKConfig
 .text.HAL_SDRAM_Init
                0x0000000008008478       0x68 ./Drivers/STM32F4xx_HAL_Driver/Src/stm32f4xx_hal_sdram.o
                0x0000000008008478                HAL_SDRAM_Init
 .text.HAL_SDRAM_MspInit
                0x00000000080084e0       0x14 ./Drivers/STM32F4xx_HAL_Driver/Src/stm32f4xx_hal_sdram.o
                0x00000000080084e0                HAL_SDRAM_MspInit
 .text.HAL_SDRAM_SendCommand
                0x00000000080084f4       0x56 ./Drivers/STM32F4xx_HAL_Driver/Src/stm32f4xx_hal_sdram.o
                0x00000000080084f4                HAL_SDRAM_SendCommand
 .text.HAL_SDRAM_ProgramRefreshRate
                0x000000000800854a       0x40 ./Drivers/STM32F4xx_HAL_Driver/Src/stm32f4xx_hal_sdram.o
                0x000000000800854a                HAL_SDRAM_ProgramRefreshRate
 .text.HAL_SPI_Init
                0x000000000800858a       0xd6 ./Drivers/STM32F4xx_HAL_Driver/Src/stm32f4xx_hal_spi.o
                0x000000000800858a                HAL_SPI_Init
 .text.HAL_SPI_DeInit
                0x0000000008008660       0x50 ./Drivers/STM32F4xx_HAL_Driver/Src/stm32f4xx_hal_spi.o
                0x0000000008008660                HAL_SPI_DeInit
 .text.HAL_SPI_MspInit
                0x00000000080086b0       0x14 ./Drivers/STM32F4xx_HAL_Driver/Src/stm32f4xx_hal_spi.o
                0x00000000080086b0                HAL_SPI_MspInit
 .text.HAL_SPI_MspDeInit
                0x00000000080086c4       0x14 ./Drivers/STM32F4xx_HAL_Driver/Src/stm32f4xx_hal_spi.o
                0x00000000080086c4                HAL_SPI_MspDeInit
 .text.HAL_SPI_Transmit
                0x00000000080086d8      0x2ac ./Drivers/STM32F4xx_HAL_Driver/Src/stm32f4xx_hal_spi.o
                0x00000000080086d8                HAL_SPI_Transmit
 .text.HAL_SPI_Receive
                0x0000000008008984      0x2fe ./Drivers/STM32F4xx_HAL_Driver/Src/stm32f4xx_hal_spi.o
                0x0000000008008984                HAL_SPI_Receive
 .text.HAL_SPI_TransmitReceive
                0x0000000008008c82      0x41c ./Drivers/STM32F4xx_HAL_Driver/Src/stm32f4xx_hal_spi.o
                0x0000000008008c82                HAL_SPI_TransmitReceive
 .text.HAL_SPI_GetState
                0x000000000800909e       0x1c ./Drivers/STM32F4xx_HAL_Driver/Src/stm32f4xx_hal_spi.o
                0x000000000800909e                HAL_SPI_GetState
 .text.SPI_WaitFlagStateUntilTimeout
                0x00000000080090ba       0xd4 ./Drivers/STM32F4xx_HAL_Driver/Src/stm32f4xx_hal_spi.o
 .text.SPI_EndRxTransaction
                0x000000000800918e       0xca ./Drivers/STM32F4xx_HAL_Driver/Src/stm32f4xx_hal_spi.o
 .text.SPI_EndRxTxTransaction
                0x0000000008009258       0x84 ./Drivers/STM32F4xx_HAL_Driver/Src/stm32f4xx_hal_spi.o
 .text.FMC_SDRAM_Init
                0x00000000080092dc       0xe6 ./Drivers/STM32F4xx_HAL_Driver/Src/stm32f4xx_ll_fmc.o
                0x00000000080092dc                FMC_SDRAM_Init
 .text.FMC_SDRAM_Timing_Init
                0x00000000080093c2       0xfe ./Drivers/STM32F4xx_HAL_Driver/Src/stm32f4xx_ll_fmc.o
                0x00000000080093c2                FMC_SDRAM_Timing_Init
 .text.FMC_SDRAM_SendCommand
                0x00000000080094c0       0x78 ./Drivers/STM32F4xx_HAL_Driver/Src/stm32f4xx_ll_fmc.o
                0x00000000080094c0                FMC_SDRAM_SendCommand
 .text.FMC_SDRAM_ProgramRefreshRate
                0x0000000008009538       0x26 ./Drivers/STM32F4xx_HAL_Driver/Src/stm32f4xx_ll_fmc.o
                0x0000000008009538                FMC_SDRAM_ProgramRefreshRate
 *fill*         0x000000000800955e        0x2 
 .text.__libc_init_array
                0x0000000008009560       0x48 c:/st/stm32cubeide_1.7.0/stm32cubeide/plugins/com.st.stm32cube.ide.mcu.externaltools.gnu-tools-for-stm32.10.3-2021.10.win32_1.0.0.202111181127/tools/bin/../lib/gcc/arm-none-eabi/10.3.1/../../../../arm-none-eabi/lib/thumb/v7e-m+fp/hard\libc_nano.a(lib_a-init.o)
                0x0000000008009560                __libc_init_array
 .text.memset   0x00000000080095a8       0x10 c:/st/stm32cubeide_1.7.0/stm32cubeide/plugins/com.st.stm32cube.ide.mcu.externaltools.gnu-tools-for-stm32.10.3-2021.10.win32_1.0.0.202111181127/tools/bin/../lib/gcc/arm-none-eabi/10.3.1/../../../../arm-none-eabi/lib/thumb/v7e-m+fp/hard\libc_nano.a(lib_a-memset.o)
                0x00000000080095a8                memset
 .text.snprintf
                0x00000000080095b8       0x68 c:/st/stm32cubeide_1.7.0/stm32cubeide/plugins/com.st.stm32cube.ide.mcu.externaltools.gnu-tools-for-stm32.10.3-2021.10.win32_1.0.0.202111181127/tools/bin/../lib/gcc/arm-none-eabi/10.3.1/../../../../arm-none-eabi/lib/thumb/v7e-m+fp/hard\libc_nano.a(lib_a-snprintf.o)
                0x00000000080095b8                sniprintf
                0x00000000080095b8                snprintf
 .text.__ssputs_r
                0x0000000008009620       0xb6 c:/st/stm32cubeide_1.7.0/stm32cubeide/plugins/com.st.stm32cube.ide.mcu.externaltools.gnu-tools-for-stm32.10.3-2021.10.win32_1.0.0.202111181127/tools/bin/../lib/gcc/arm-none-eabi/10.3.1/../../../../arm-none-eabi/lib/thumb/v7e-m+fp/hard\libc_nano.a(lib_a-nano-svfprintf.o)
                0x0000000008009620                __ssputs_r
 *fill*         0x00000000080096d6        0x2 
 .text._svfprintf_r
                0x00000000080096d8      0x200 c:/st/stm32cubeide_1.7.0/stm32cubeide/plugins/com.st.stm32cube.ide.mcu.externaltools.gnu-tools-for-stm32.10.3-2021.10.win32_1.0.0.202111181127/tools/bin/../lib/gcc/arm-none-eabi/10.3.1/../../../../arm-none-eabi/lib/thumb/v7e-m+fp/hard\libc_nano.a(lib_a-nano-svfprintf.o)
                0x00000000080096d8                _svfiprintf_r
                0x00000000080096d8                _svfprintf_r
 .text._printf_common
                0x00000000080098d8       0xda c:/st/stm32cubeide_1.7.0/stm32cubeide/plugins/com.st.stm32cube.ide.mcu.externaltools.gnu-tools-for-stm32.10.3-2021.10.win32_1.0.0.202111181127/tools/bin/../lib/gcc/arm-none-eabi/10.3.1/../../../../arm-none-eabi/lib/thumb/v7e-m+fp/hard\libc_nano.a(lib_a-nano-vfprintf_i.o)
                0x00000000080098d8                _printf_common
 *fill*         0x00000000080099b2        0x2 
 .text._printf_i
                0x00000000080099b4      0x24c c:/st/stm32cubeide_1.7.0/stm32cubeide/plugins/com.st.stm32cube.ide.mcu.externaltools.gnu-tools-for-stm32.10.3-2021.10.win32_1.0.0.202111181127/tools/bin/../lib/gcc/arm-none-eabi/10.3.1/../../../../arm-none-eabi/lib/thumb/v7e-m+fp/hard\libc_nano.a(lib_a-nano-vfprintf_i.o)
                0x00000000080099b4                _printf_i
 .text.memcpy   0x0000000008009c00       0x1c c:/st/stm32cubeide_1.7.0/stm32cubeide/plugins/com.st.stm32cube.ide.mcu.externaltools.gnu-tools-for-stm32.10.3-2021.10.win32_1.0.0.202111181127/tools/bin/../lib/gcc/arm-none-eabi/10.3.1/../../../../arm-none-eabi/lib/thumb/v7e-m+fp/hard\libc_nano.a(lib_a-memcpy-stub.o)
                0x0000000008009c00                memcpy
 .text.memmove  0x0000000008009c1c       0x34 c:/st/stm32cubeide_1.7.0/stm32cubeide/plugins/com.st.stm32cube.ide.mcu.externaltools.gnu-tools-for-stm32.10.3-2021.10.win32_1.0.0.202111181127/tools/bin/../lib/gcc/arm-none-eabi/10.3.1/../../../../arm-none-eabi/lib/thumb/v7e-m+fp/hard\libc_nano.a(lib_a-memmove.o)
                0x0000000008009c1c                memmove
 .text._free_r  0x0000000008009c50       0x98 c:/st/stm32cubeide_1.7.0/stm32cubeide/plugins/com.st.stm32cube.ide.mcu.externaltools.gnu-tools-for-stm32.10.3-2021.10.win32_1.0.0.202111181127/tools/bin/../lib/gcc/arm-none-eabi/10.3.1/../../../../arm-none-eabi/lib/thumb/v7e-m+fp/hard\libc_nano.a(lib_a-nano-freer.o)
                0x0000000008009c50                _free_r
 .text.sbrk_aligned
                0x0000000008009ce8       0x40 c:/st/stm32cubeide_1.7.0/stm32cubeide/plugins/com.st.stm32cube.ide.mcu.externaltools.gnu-tools-for-stm32.10.3-2021.10.win32_1.0.0.202111181127/tools/bin/../lib/gcc/arm-none-eabi/10.3.1/../../../../arm-none-eabi/lib/thumb/v7e-m+fp/hard\libc_nano.a(lib_a-nano-mallocr.o)
 .text._malloc_r
                0x0000000008009d28       0xe8 c:/st/stm32cubeide_1.7.0/stm32cubeide/plugins/com.st.stm32cube.ide.mcu.externaltools.gnu-tools-for-stm32.10.3-2021.10.win32_1.0.0.202111181127/tools/bin/../lib/gcc/arm-none-eabi/10.3.1/../../../../arm-none-eabi/lib/thumb/v7e-m+fp/hard\libc_nano.a(lib_a-nano-mallocr.o)
                0x0000000008009d28                _malloc_r
 .text._realloc_r
                0x0000000008009e10       0x5e c:/st/stm32cubeide_1.7.0/stm32cubeide/plugins/com.st.stm32cube.ide.mcu.externaltools.gnu-tools-for-stm32.10.3-2021.10.win32_1.0.0.202111181127/tools/bin/../lib/gcc/arm-none-eabi/10.3.1/../../../../arm-none-eabi/lib/thumb/v7e-m+fp/hard\libc_nano.a(lib_a-nano-reallocr.o)
                0x0000000008009e10                _realloc_r
 *fill*         0x0000000008009e6e        0x2 
 .text._sbrk_r  0x0000000008009e70       0x20 c:/st/stm32cubeide_1.7.0/stm32cubeide/plugins/com.st.stm32cube.ide.mcu.externaltools.gnu-tools-for-stm32.10.3-2021.10.win32_1.0.0.202111181127/tools/bin/../lib/gcc/arm-none-eabi/10.3.1/../../../../arm-none-eabi/lib/thumb/v7e-m+fp/hard\libc_nano.a(lib_a-sbrkr.o)
                0x0000000008009e70                _sbrk_r
 .text.__malloc_lock
                0x0000000008009e90        0xc c:/st/stm32cubeide_1.7.0/stm32cubeide/plugins/com.st.stm32cube.ide.mcu.externaltools.gnu-tools-for-stm32.10.3-2021.10.win32_1.0.0.202111181127/tools/bin/../lib/gcc/arm-none-eabi/10.3.1/../../../../arm-none-eabi/lib/thumb/v7e-m+fp/hard\libc_nano.a(lib_a-mlock.o)
                0x0000000008009e90                __malloc_lock
 .text.__malloc_unlock
                0x0000000008009e9c        0xc c:/st/stm32cubeide_1.7.0/stm32cubeide/plugins/com.st.stm32cube.ide.mcu.externaltools.gnu-tools-for-stm32.10.3-2021.10.win32_1.0.0.202111181127/tools/bin/../lib/gcc/arm-none-eabi/10.3.1/../../../../arm-none-eabi/lib/thumb/v7e-m+fp/hard\libc_nano.a(lib_a-mlock.o)
                0x0000000008009e9c                __malloc_unlock
 .text._malloc_usable_size_r
                0x0000000008009ea8       0x10 c:/st/stm32cubeide_1.7.0/stm32cubeide/plugins/com.st.stm32cube.ide.mcu.externaltools.gnu-tools-for-stm32.10.3-2021.10.win32_1.0.0.202111181127/tools/bin/../lib/gcc/arm-none-eabi/10.3.1/../../../../arm-none-eabi/lib/thumb/v7e-m+fp/hard\libc_nano.a(lib_a-nano-msizer.o)
                0x0000000008009ea8                _malloc_usable_size_r
 .text.__retarget_lock_acquire_recursive
                0x0000000008009eb8        0x2 c:/st/stm32cubeide_1.7.0/stm32cubeide/plugins/com.st.stm32cube.ide.mcu.externaltools.gnu-tools-for-stm32.10.3-2021.10.win32_1.0.0.202111181127/tools/bin/../lib/gcc/arm-none-eabi/10.3.1/../../../../arm-none-eabi/lib/thumb/v7e-m+fp/hard\libc_nano.a(lib_a-lock.o)
                0x0000000008009eb8                __retarget_lock_acquire_recursive
 .text.__retarget_lock_release_recursive
                0x0000000008009eba        0x2 c:/st/stm32cubeide_1.7.0/stm32cubeide/plugins/com.st.stm32cube.ide.mcu.externaltools.gnu-tools-for-stm32.10.3-2021.10.win32_1.0.0.202111181127/tools/bin/../lib/gcc/arm-none-eabi/10.3.1/../../../../arm-none-eabi/lib/thumb/v7e-m+fp/hard\libc_nano.a(lib_a-lock.o)
                0x0000000008009eba                __retarget_lock_release_recursive
 .text.sqrt     0x0000000008009ebc       0x58 c:/st/stm32cubeide_1.7.0/stm32cubeide/plugins/com.st.stm32cube.ide.mcu.externaltools.gnu-tools-for-stm32.10.3-2021.10.win32_1.0.0.202111181127/tools/bin/../lib/gcc/arm-none-eabi/10.3.1/../../../../arm-none-eabi/lib/thumb/v7e-m+fp/hard\libm.a(lib_a-w_sqrt.o)
                0x0000000008009ebc                sqrt
 .text.__ieee754_sqrt
                0x0000000008009f14      0x164 c:/st/stm32cubeide_1.7.0/stm32cubeide/plugins/com.st.stm32cube.ide.mcu.externaltools.gnu-tools-for-stm32.10.3-2021.10.win32_1.0.0.202111181127/tools/bin/../lib/gcc/arm-none-eabi/10.3.1/../../../../arm-none-eabi/lib/thumb/v7e-m+fp/hard\libm.a(lib_a-e_sqrt.o)
                0x0000000008009f14                __ieee754_sqrt
 .text.__errno  0x000000000800a078        0xc c:/st/stm32cubeide_1.7.0/stm32cubeide/plugins/com.st.stm32cube.ide.mcu.externaltools.gnu-tools-for-stm32.10.3-2021.10.win32_1.0.0.202111181127/tools/bin/../lib/gcc/arm-none-eabi/10.3.1/../../../../arm-none-eabi/lib/thumb/v7e-m+fp/hard\libc_nano.a(lib_a-errno.o)
                0x000000000800a078                __errno
 .text._sbrk    0x000000000800a084       0x1c c:/st/stm32cubeide_1.7.0/stm32cubeide/plugins/com.st.stm32cube.ide.mcu.externaltools.gnu-tools-for-stm32.10.3-2021.10.win32_1.0.0.202111181127/tools/bin/../lib/gcc/arm-none-eabi/10.3.1/../../../../arm-none-eabi/lib/thumb/v7e-m+fp/hard\libnosys.a(sbrk.o)
                0x000000000800a084                _sbrk
 *(.glue_7)
 .glue_7        0x000000000800a0a0        0x0 linker stubs
 *(.glue_7t)
 .glue_7t       0x000000000800a0a0        0x0 linker stubs
 *(.eh_frame)
 .eh_frame      0x000000000800a0a0        0x0 c:/st/stm32cubeide_1.7.0/stm32cubeide/plugins/com.st.stm32cube.ide.mcu.externaltools.gnu-tools-for-stm32.10.3-2021.10.win32_1.0.0.202111181127/tools/bin/../lib/gcc/arm-none-eabi/10.3.1/thumb/v7e-m+fp/hard/crtbegin.o
 *(.init)
 .init          0x000000000800a0a0        0x4 c:/st/stm32cubeide_1.7.0/stm32cubeide/plugins/com.st.stm32cube.ide.mcu.externaltools.gnu-tools-for-stm32.10.3-2021.10.win32_1.0.0.202111181127/tools/bin/../lib/gcc/arm-none-eabi/10.3.1/thumb/v7e-m+fp/hard/crti.o
                0x000000000800a0a0                _init
 .init          0x000000000800a0a4        0x8 c:/st/stm32cubeide_1.7.0/stm32cubeide/plugins/com.st.stm32cube.ide.mcu.externaltools.gnu-tools-for-stm32.10.3-2021.10.win32_1.0.0.202111181127/tools/bin/../lib/gcc/arm-none-eabi/10.3.1/thumb/v7e-m+fp/hard/crtn.o
 *(.fini)
 .fini          0x000000000800a0ac        0x4 c:/st/stm32cubeide_1.7.0/stm32cubeide/plugins/com.st.stm32cube.ide.mcu.externaltools.gnu-tools-for-stm32.10.3-2021.10.win32_1.0.0.202111181127/tools/bin/../lib/gcc/arm-none-eabi/10.3.1/thumb/v7e-m+fp/hard/crti.o
                0x000000000800a0ac                _fini
 .fini          0x000000000800a0b0        0x8 c:/st/stm32cubeide_1.7.0/stm32cubeide/plugins/com.st.stm32cube.ide.mcu.externaltools.gnu-tools-for-stm32.10.3-2021.10.win32_1.0.0.202111181127/tools/bin/../lib/gcc/arm-none-eabi/10.3.1/thumb/v7e-m+fp/hard/crtn.o
                0x000000000800a0b8                . = ALIGN (0x4)
                0x000000000800a0b8                _etext = .

.vfp11_veneer   0x000000000800a0b8        0x0
 .vfp11_veneer  0x000000000800a0b8        0x0 linker stubs

.v4_bx          0x000000000800a0b8        0x0
 .v4_bx         0x000000000800a0b8        0x0 linker stubs

.iplt           0x000000000800a0b8        0x0
 .iplt          0x000000000800a0b8        0x0 c:/st/stm32cubeide_1.7.0/stm32cubeide/plugins/com.st.stm32cube.ide.mcu.externaltools.gnu-tools-for-stm32.10.3-2021.10.win32_1.0.0.202111181127/tools/bin/../lib/gcc/arm-none-eabi/10.3.1/thumb/v7e-m+fp/hard/crtbegin.o

.rodata         0x000000000800a0b8     0x3ba0
                0x000000000800a0b8                . = ALIGN (0x4)
 *(.rodata)
 .rodata        0x000000000800a0b8       0x9d ./Core/Src/displayingdata.o
 *fill*         0x000000000800a155        0x3 
 .rodata        0x000000000800a158       0xc1 ./Core/Src/menu.o
 *(.rodata*)
 *fill*         0x000000000800a219        0x3 
 .rodata.AHBPrescTable
                0x000000000800a21c       0x10 ./Core/Src/system_stm32f4xx.o
                0x000000000800a21c                AHBPrescTable
 .rodata.APBPrescTable
                0x000000000800a22c        0x8 ./Core/Src/system_stm32f4xx.o
                0x000000000800a22c                APBPrescTable
 .rodata.GPIO_PIN
                0x000000000800a234        0x4 ./Drivers/BSP/STM32F429I-Discovery/stm32f429i_discovery.o
                0x000000000800a234                GPIO_PIN
 .rodata.Font24_Table
                0x000000000800a238     0x1ab8 ./Drivers/BSP/STM32F429I-Discovery/stm32f429i_discovery_lcd.o
                0x000000000800a238                Font24_Table
 .rodata.Font20_Table
                0x000000000800bcf0      0xed8 ./Drivers/BSP/STM32F429I-Discovery/stm32f429i_discovery_lcd.o
                0x000000000800bcf0                Font20_Table
 .rodata.Font16_Table
                0x000000000800cbc8      0xbe0 ./Drivers/BSP/STM32F429I-Discovery/stm32f429i_discovery_lcd.o
                0x000000000800cbc8                Font16_Table
 .rodata.Font12_Table
                0x000000000800d7a8      0x474 ./Drivers/BSP/STM32F429I-Discovery/stm32f429i_discovery_lcd.o
                0x000000000800d7a8                Font12_Table
 .rodata.flagBitshiftOffset.0
                0x000000000800dc1c        0x8 ./Drivers/STM32F4xx_HAL_Driver/Src/stm32f4xx_hal_dma.o
 .rodata._svfprintf_r.str1.1
                0x000000000800dc24       0x11 c:/st/stm32cubeide_1.7.0/stm32cubeide/plugins/com.st.stm32cube.ide.mcu.externaltools.gnu-tools-for-stm32.10.3-2021.10.win32_1.0.0.202111181127/tools/bin/../lib/gcc/arm-none-eabi/10.3.1/../../../../arm-none-eabi/lib/thumb/v7e-m+fp/hard\libc_nano.a(lib_a-nano-svfprintf.o)
 .rodata._printf_i.str1.1
                0x000000000800dc35       0x22 c:/st/stm32cubeide_1.7.0/stm32cubeide/plugins/com.st.stm32cube.ide.mcu.externaltools.gnu-tools-for-stm32.10.3-2021.10.win32_1.0.0.202111181127/tools/bin/../lib/gcc/arm-none-eabi/10.3.1/../../../../arm-none-eabi/lib/thumb/v7e-m+fp/hard\libc_nano.a(lib_a-nano-vfprintf_i.o)
                0x000000000800dc58                . = ALIGN (0x4)
 *fill*         0x000000000800dc57        0x1 

.ARM.extab      0x000000000800dc58        0x0
                0x000000000800dc58                . = ALIGN (0x4)
 *(.ARM.extab* .gnu.linkonce.armextab.*)
                0x000000000800dc58                . = ALIGN (0x4)

.ARM            0x000000000800dc58        0x8
                0x000000000800dc58                . = ALIGN (0x4)
                0x000000000800dc58                __exidx_start = .
 *(.ARM.exidx*)
 .ARM.exidx     0x000000000800dc58        0x8 c:/st/stm32cubeide_1.7.0/stm32cubeide/plugins/com.st.stm32cube.ide.mcu.externaltools.gnu-tools-for-stm32.10.3-2021.10.win32_1.0.0.202111181127/tools/bin/../lib/gcc/arm-none-eabi/10.3.1/thumb/v7e-m+fp/hard\libgcc.a(_udivmoddi4.o)
                0x000000000800dc60                __exidx_end = .
                0x000000000800dc60                . = ALIGN (0x4)

.rel.dyn        0x000000000800dc60        0x0
 .rel.iplt      0x000000000800dc60        0x0 c:/st/stm32cubeide_1.7.0/stm32cubeide/plugins/com.st.stm32cube.ide.mcu.externaltools.gnu-tools-for-stm32.10.3-2021.10.win32_1.0.0.202111181127/tools/bin/../lib/gcc/arm-none-eabi/10.3.1/thumb/v7e-m+fp/hard/crtbegin.o

.preinit_array  0x000000000800dc60        0x0
                0x000000000800dc60                . = ALIGN (0x4)
                0x000000000800dc60                PROVIDE (__preinit_array_start = .)
 *(.preinit_array*)
                0x000000000800dc60                PROVIDE (__preinit_array_end = .)
                0x000000000800dc60                . = ALIGN (0x4)

.init_array     0x000000000800dc60        0x4
                0x000000000800dc60                . = ALIGN (0x4)
                0x000000000800dc60                PROVIDE (__init_array_start = .)
 *(SORT_BY_NAME(.init_array.*))
 *(.init_array*)
 .init_array    0x000000000800dc60        0x4 c:/st/stm32cubeide_1.7.0/stm32cubeide/plugins/com.st.stm32cube.ide.mcu.externaltools.gnu-tools-for-stm32.10.3-2021.10.win32_1.0.0.202111181127/tools/bin/../lib/gcc/arm-none-eabi/10.3.1/thumb/v7e-m+fp/hard/crtbegin.o
                0x000000000800dc64                PROVIDE (__init_array_end = .)
                0x000000000800dc64                . = ALIGN (0x4)

.fini_array     0x000000000800dc64        0x4
                0x000000000800dc64                . = ALIGN (0x4)
                [!provide]                        PROVIDE (__fini_array_start = .)
 *(SORT_BY_NAME(.fini_array.*))
 *(.fini_array*)
 .fini_array    0x000000000800dc64        0x4 c:/st/stm32cubeide_1.7.0/stm32cubeide/plugins/com.st.stm32cube.ide.mcu.externaltools.gnu-tools-for-stm32.10.3-2021.10.win32_1.0.0.202111181127/tools/bin/../lib/gcc/arm-none-eabi/10.3.1/thumb/v7e-m+fp/hard/crtbegin.o
                [!provide]                        PROVIDE (__fini_array_end = .)
                0x000000000800dc68                . = ALIGN (0x4)
                0x000000000800dc68                _sidata = LOADADDR (.data)

.data           0x0000000020000000      0x4a8 load address 0x000000000800dc68
                0x0000000020000000                . = ALIGN (0x4)
                0x0000000020000000                _sdata = .
 *(.data)
 *(.data*)
 .data.lut_pad_wire
                0x0000000020000000      0x324 ./Core/Src/calculations.o
                0x0000000020000000                lut_pad_wire
 .data.MENU_transition
                0x0000000020000324        0x1 ./Core/Src/menu.o
 *fill*         0x0000000020000325        0x3 
 .data.MENU_entry
                0x0000000020000328       0x78 ./Core/Src/menu.o
 .data.item_new.1
                0x00000000200003a0        0x1 ./Core/Src/menu.o
 .data.item_old.0
                0x00000000200003a1        0x1 ./Core/Src/menu.o
 *fill*         0x00000000200003a2        0x2 
 .data.SystemCoreClock
                0x00000000200003a4        0x4 ./Core/Src/system_stm32f4xx.o
                0x00000000200003a4                SystemCoreClock
 .data.ili9341_drv
                0x00000000200003a8       0x38 ./Drivers/BSP/Components/ili9341/ili9341.o
                0x00000000200003a8                ili9341_drv
 .data.stmpe811_ts_drv
                0x00000000200003e0       0x28 ./Drivers/BSP/Components/stmpe811/stmpe811.o
                0x00000000200003e0                stmpe811_ts_drv
 .data.GPIO_PORT
                0x0000000020000408        0x8 ./Drivers/BSP/STM32F429I-Discovery/stm32f429i_discovery.o
                0x0000000020000408                GPIO_PORT
 .data.I2cxTimeout
                0x0000000020000410        0x4 ./Drivers/BSP/STM32F429I-Discovery/stm32f429i_discovery.o
                0x0000000020000410                I2cxTimeout
 .data.SpixTimeout
                0x0000000020000414        0x4 ./Drivers/BSP/STM32F429I-Discovery/stm32f429i_discovery.o
                0x0000000020000414                SpixTimeout
 .data.Font24   0x0000000020000418        0x8 ./Drivers/BSP/STM32F429I-Discovery/stm32f429i_discovery_lcd.o
                0x0000000020000418                Font24
 .data.Font20   0x0000000020000420        0x8 ./Drivers/BSP/STM32F429I-Discovery/stm32f429i_discovery_lcd.o
                0x0000000020000420                Font20
 .data.Font16   0x0000000020000428        0x8 ./Drivers/BSP/STM32F429I-Discovery/stm32f429i_discovery_lcd.o
                0x0000000020000428                Font16
 .data.Font12   0x0000000020000430        0x8 ./Drivers/BSP/STM32F429I-Discovery/stm32f429i_discovery_lcd.o
                0x0000000020000430                Font12
 .data.sdramstatus.2
                0x0000000020000438        0x1 ./Drivers/BSP/STM32F429I-Discovery/stm32f429i_discovery_sdram.o
 *fill*         0x0000000020000439        0x3 
 .data.uwTickPrio
                0x000000002000043c        0x4 ./Drivers/STM32F4xx_HAL_Driver/Src/stm32f4xx_hal.o
                0x000000002000043c                uwTickPrio
 .data.uwTickFreq
                0x0000000020000440        0x1 ./Drivers/STM32F4xx_HAL_Driver/Src/stm32f4xx_hal.o
                0x0000000020000440                uwTickFreq
 *fill*         0x0000000020000441        0x3 
 .data._impure_ptr
                0x0000000020000444        0x4 c:/st/stm32cubeide_1.7.0/stm32cubeide/plugins/com.st.stm32cube.ide.mcu.externaltools.gnu-tools-for-stm32.10.3-2021.10.win32_1.0.0.202111181127/tools/bin/../lib/gcc/arm-none-eabi/10.3.1/../../../../arm-none-eabi/lib/thumb/v7e-m+fp/hard\libc_nano.a(lib_a-impure.o)
                0x0000000020000444                _impure_ptr
 .data.impure_data
                0x0000000020000448       0x60 c:/st/stm32cubeide_1.7.0/stm32cubeide/plugins/com.st.stm32cube.ide.mcu.externaltools.gnu-tools-for-stm32.10.3-2021.10.win32_1.0.0.202111181127/tools/bin/../lib/gcc/arm-none-eabi/10.3.1/../../../../arm-none-eabi/lib/thumb/v7e-m+fp/hard\libc_nano.a(lib_a-impure.o)
                0x00000000200004a8                . = ALIGN (0x4)
                0x00000000200004a8                _edata = .

.igot.plt       0x00000000200004a8        0x0 load address 0x000000000800e110
 .igot.plt      0x00000000200004a8        0x0 c:/st/stm32cubeide_1.7.0/stm32cubeide/plugins/com.st.stm32cube.ide.mcu.externaltools.gnu-tools-for-stm32.10.3-2021.10.win32_1.0.0.202111181127/tools/bin/../lib/gcc/arm-none-eabi/10.3.1/thumb/v7e-m+fp/hard/crtbegin.o
                0x00000000200004a8                . = ALIGN (0x4)

.bss            0x00000000200004a8      0xaa8 load address 0x000000000800e110
                0x00000000200004a8                _sbss = .
                0x00000000200004a8                __bss_start__ = _sbss
 *(.bss)
 .bss           0x00000000200004a8       0x1c c:/st/stm32cubeide_1.7.0/stm32cubeide/plugins/com.st.stm32cube.ide.mcu.externaltools.gnu-tools-for-stm32.10.3-2021.10.win32_1.0.0.202111181127/tools/bin/../lib/gcc/arm-none-eabi/10.3.1/thumb/v7e-m+fp/hard/crtbegin.o
 *(.bss*)
 .bss.pad1      0x00000000200004c4        0x4 ./Core/Src/calculations.o
                0x00000000200004c4                pad1
 .bss.pad2      0x00000000200004c8        0x4 ./Core/Src/calculations.o
                0x00000000200004c8                pad2
 .bss.CALC_degree_left
                0x00000000200004cc        0x1 ./Core/Src/calculations.o
                0x00000000200004cc                CALC_degree_left
 .bss.CALC_degree_right
                0x00000000200004cd        0x1 ./Core/Src/calculations.o
                0x00000000200004cd                CALC_degree_right
 *fill*         0x00000000200004ce        0x2 
 .bss.dist_single
                0x00000000200004d0        0x4 ./Core/Src/displayingdata.o
                0x00000000200004d0                dist_single
 .bss.dist_accu
                0x00000000200004d4        0x4 ./Core/Src/displayingdata.o
                0x00000000200004d4                dist_accu
 .bss.current_single
                0x00000000200004d8        0x4 ./Core/Src/displayingdata.o
                0x00000000200004d8                current_single
 .bss.current_accu
                0x00000000200004dc        0x4 ./Core/Src/displayingdata.o
                0x00000000200004dc                current_accu
 .bss.MEAS_data_wire
                0x00000000200004e0        0x1 ./Core/Src/main.o
                0x00000000200004e0                MEAS_data_wire
 .bss.MEAS_data_cable
                0x00000000200004e1        0x1 ./Core/Src/main.o
                0x00000000200004e1                MEAS_data_cable
 .bss.MEAS_data_angle
                0x00000000200004e2        0x1 ./Core/Src/main.o
                0x00000000200004e2                MEAS_data_angle
 .bss.MEAS_data_ready
                0x00000000200004e3        0x1 ./Core/Src/measuring.o
                0x00000000200004e3                MEAS_data_ready
 .bss.DAC_active
                0x00000000200004e4        0x1 ./Core/Src/measuring.o
                0x00000000200004e4                DAC_active
 *fill*         0x00000000200004e5        0x3 
 .bss.ADC_sample_count
                0x00000000200004e8        0x4 ./Core/Src/measuring.o
 .bss.ADC_samples
                0x00000000200004ec      0x3c0 ./Core/Src/measuring.o
                0x00000000200004ec                ADC_samples
 .bss.DAC_sample
                0x00000000200008ac        0x4 ./Core/Src/measuring.o
 .bss.PAD1_samples
                0x00000000200008b0       0xf0 ./Core/Src/measuring.o
                0x00000000200008b0                PAD1_samples
 .bss.PAD2_samples
                0x00000000200009a0       0xf0 ./Core/Src/measuring.o
                0x00000000200009a0                PAD2_samples
 .bss.COIL1_samples
                0x0000000020000a90       0xf0 ./Core/Src/measuring.o
                0x0000000020000a90                COIL1_samples
 .bss.COIL2_samples
                0x0000000020000b80       0xf0 ./Core/Src/measuring.o
                0x0000000020000b80                COIL2_samples
 .bss.TS_State.2
                0x0000000020000c70        0x8 ./Core/Src/menu.o
 .bss.PB_pressed_flag
                0x0000000020000c78        0x1 ./Core/Src/pushbutton.o
 *fill*         0x0000000020000c79        0x3 
 .bss.stmpe811  0x0000000020000c7c        0x2 ./Drivers/BSP/Components/stmpe811/stmpe811.o
                0x0000000020000c7c                stmpe811
 *fill*         0x0000000020000c7e        0x2 
 .bss.I2cHandle
                0x0000000020000c80       0x54 ./Drivers/BSP/STM32F429I-Discovery/stm32f429i_discovery.o
                0x0000000020000c80                I2cHandle
 .bss.SpiHandle
                0x0000000020000cd4       0x58 ./Drivers/BSP/STM32F429I-Discovery/stm32f429i_discovery.o
 .bss.Is_LCD_IO_Initialized
                0x0000000020000d2c        0x1 ./Drivers/BSP/STM32F429I-Discovery/stm32f429i_discovery.o
 *fill*         0x0000000020000d2d        0x3 
 .bss.LtdcHandler
                0x0000000020000d30       0xa8 ./Drivers/BSP/STM32F429I-Discovery/stm32f429i_discovery_lcd.o
                0x0000000020000d30                LtdcHandler
 .bss.Dma2dHandler
                0x0000000020000dd8       0x40 ./Drivers/BSP/STM32F429I-Discovery/stm32f429i_discovery_lcd.o
 .bss.PeriphClkInitStruct
                0x0000000020000e18       0x30 ./Drivers/BSP/STM32F429I-Discovery/stm32f429i_discovery_lcd.o
 .bss.ActiveLayer
                0x0000000020000e48        0x4 ./Drivers/BSP/STM32F429I-Discovery/stm32f429i_discovery_lcd.o
 .bss.DrawProp  0x0000000020000e4c       0x18 ./Drivers/BSP/STM32F429I-Discovery/stm32f429i_discovery_lcd.o
 .bss.LcdDrv    0x0000000020000e64        0x4 ./Drivers/BSP/STM32F429I-Discovery/stm32f429i_discovery_lcd.o
                0x0000000020000e64                LcdDrv
 .bss.SdramHandle
                0x0000000020000e68       0x34 ./Drivers/BSP/STM32F429I-Discovery/stm32f429i_discovery_sdram.o
 .bss.Timing    0x0000000020000e9c       0x1c ./Drivers/BSP/STM32F429I-Discovery/stm32f429i_discovery_sdram.o
 .bss.Command   0x0000000020000eb8       0x10 ./Drivers/BSP/STM32F429I-Discovery/stm32f429i_discovery_sdram.o
 .bss.dmaHandle.1
                0x0000000020000ec8       0x60 ./Drivers/BSP/STM32F429I-Discovery/stm32f429i_discovery_sdram.o
 .bss.TsDrv     0x0000000020000f28        0x4 ./Drivers/BSP/STM32F429I-Discovery/stm32f429i_discovery_ts.o
 .bss.TsXBoundary
                0x0000000020000f2c        0x2 ./Drivers/BSP/STM32F429I-Discovery/stm32f429i_discovery_ts.o
 .bss.TsYBoundary
                0x0000000020000f2e        0x2 ./Drivers/BSP/STM32F429I-Discovery/stm32f429i_discovery_ts.o
 .bss._x.1      0x0000000020000f30        0x4 ./Drivers/BSP/STM32F429I-Discovery/stm32f429i_discovery_ts.o
 .bss._y.0      0x0000000020000f34        0x4 ./Drivers/BSP/STM32F429I-Discovery/stm32f429i_discovery_ts.o
 .bss.uwTick    0x0000000020000f38        0x4 ./Drivers/STM32F4xx_HAL_Driver/Src/stm32f4xx_hal.o
                0x0000000020000f38                uwTick
 .bss.__malloc_free_list
                0x0000000020000f3c        0x4 c:/st/stm32cubeide_1.7.0/stm32cubeide/plugins/com.st.stm32cube.ide.mcu.externaltools.gnu-tools-for-stm32.10.3-2021.10.win32_1.0.0.202111181127/tools/bin/../lib/gcc/arm-none-eabi/10.3.1/../../../../arm-none-eabi/lib/thumb/v7e-m+fp/hard\libc_nano.a(lib_a-nano-mallocr.o)
                0x0000000020000f3c                __malloc_free_list
 .bss.__malloc_sbrk_start
                0x0000000020000f40        0x4 c:/st/stm32cubeide_1.7.0/stm32cubeide/plugins/com.st.stm32cube.ide.mcu.externaltools.gnu-tools-for-stm32.10.3-2021.10.win32_1.0.0.202111181127/tools/bin/../lib/gcc/arm-none-eabi/10.3.1/../../../../arm-none-eabi/lib/thumb/v7e-m+fp/hard\libc_nano.a(lib_a-nano-mallocr.o)
                0x0000000020000f40                __malloc_sbrk_start
 .bss.errno     0x0000000020000f44        0x4 c:/st/stm32cubeide_1.7.0/stm32cubeide/plugins/com.st.stm32cube.ide.mcu.externaltools.gnu-tools-for-stm32.10.3-2021.10.win32_1.0.0.202111181127/tools/bin/../lib/gcc/arm-none-eabi/10.3.1/../../../../arm-none-eabi/lib/thumb/v7e-m+fp/hard\libc_nano.a(lib_a-reent.o)
                0x0000000020000f44                errno
 .bss.__lock___malloc_recursive_mutex
                0x0000000020000f48        0x1 c:/st/stm32cubeide_1.7.0/stm32cubeide/plugins/com.st.stm32cube.ide.mcu.externaltools.gnu-tools-for-stm32.10.3-2021.10.win32_1.0.0.202111181127/tools/bin/../lib/gcc/arm-none-eabi/10.3.1/../../../../arm-none-eabi/lib/thumb/v7e-m+fp/hard\libc_nano.a(lib_a-lock.o)
                0x0000000020000f48                __lock___malloc_recursive_mutex
 *fill*         0x0000000020000f49        0x3 
 .bss.heap_end.0
                0x0000000020000f4c        0x4 c:/st/stm32cubeide_1.7.0/stm32cubeide/plugins/com.st.stm32cube.ide.mcu.externaltools.gnu-tools-for-stm32.10.3-2021.10.win32_1.0.0.202111181127/tools/bin/../lib/gcc/arm-none-eabi/10.3.1/../../../../arm-none-eabi/lib/thumb/v7e-m+fp/hard\libnosys.a(sbrk.o)
 *(COMMON)
                0x0000000020000f50                . = ALIGN (0x4)
                0x0000000020000f50                _ebss = .
                0x0000000020000f50                __bss_end__ = _ebss

._user_heap_stack
                0x0000000020000f50      0x600 load address 0x000000000800e110
                0x0000000020000f50                . = ALIGN (0x8)
                0x0000000020000f50                PROVIDE (end = .)
                [!provide]                        PROVIDE (_end = .)
                0x0000000020001150                . = (. + _Min_Heap_Size)
 *fill*         0x0000000020000f50      0x200 
                0x0000000020001550                . = (. + _Min_Stack_Size)
 *fill*         0x0000000020001150      0x400 
                0x0000000020001550                . = ALIGN (0x8)

/DISCARD/
 libc.a(*)
 libm.a(*)
 libgcc.a(*)

.ARM.attributes
                0x0000000000000000       0x30
 *(.ARM.attributes)
 .ARM.attributes
                0x0000000000000000       0x1e c:/st/stm32cubeide_1.7.0/stm32cubeide/plugins/com.st.stm32cube.ide.mcu.externaltools.gnu-tools-for-stm32.10.3-2021.10.win32_1.0.0.202111181127/tools/bin/../lib/gcc/arm-none-eabi/10.3.1/thumb/v7e-m+fp/hard/crti.o
 .ARM.attributes
                0x000000000000001e       0x34 c:/st/stm32cubeide_1.7.0/stm32cubeide/plugins/com.st.stm32cube.ide.mcu.externaltools.gnu-tools-for-stm32.10.3-2021.10.win32_1.0.0.202111181127/tools/bin/../lib/gcc/arm-none-eabi/10.3.1/thumb/v7e-m+fp/hard/crtbegin.o
 .ARM.attributes
                0x0000000000000052       0x34 ./Core/Src/calculations.o
 .ARM.attributes
                0x0000000000000086       0x34 ./Core/Src/displayingdata.o
 .ARM.attributes
                0x00000000000000ba       0x34 ./Core/Src/main.o
 .ARM.attributes
                0x00000000000000ee       0x34 ./Core/Src/measuring.o
 .ARM.attributes
                0x0000000000000122       0x34 ./Core/Src/menu.o
 .ARM.attributes
                0x0000000000000156       0x34 ./Core/Src/pushbutton.o
 .ARM.attributes
                0x000000000000018a       0x34 ./Core/Src/stm32f4xx_it.o
 .ARM.attributes
                0x00000000000001be       0x34 ./Core/Src/system_stm32f4xx.o
 .ARM.attributes
                0x00000000000001f2       0x21 ./Core/Startup/startup_stm32f429zitx.o
 .ARM.attributes
                0x0000000000000213       0x34 ./Drivers/BSP/Components/ili9341/ili9341.o
 .ARM.attributes
                0x0000000000000247       0x34 ./Drivers/BSP/Components/stmpe811/stmpe811.o
 .ARM.attributes
                0x000000000000027b       0x34 ./Drivers/BSP/STM32F429I-Discovery/stm32f429i_discovery.o
 .ARM.attributes
                0x00000000000002af       0x34 ./Drivers/BSP/STM32F429I-Discovery/stm32f429i_discovery_lcd.o
 .ARM.attributes
                0x00000000000002e3       0x34 ./Drivers/BSP/STM32F429I-Discovery/stm32f429i_discovery_sdram.o
 .ARM.attributes
                0x0000000000000317       0x34 ./Drivers/BSP/STM32F429I-Discovery/stm32f429i_discovery_ts.o
 .ARM.attributes
                0x000000000000034b       0x34 ./Drivers/STM32F4xx_HAL_Driver/Src/stm32f4xx_hal.o
 .ARM.attributes
                0x000000000000037f       0x34 ./Drivers/STM32F4xx_HAL_Driver/Src/stm32f4xx_hal_cortex.o
 .ARM.attributes
                0x00000000000003b3       0x34 ./Drivers/STM32F4xx_HAL_Driver/Src/stm32f4xx_hal_dma.o
 .ARM.attributes
                0x00000000000003e7       0x34 ./Drivers/STM32F4xx_HAL_Driver/Src/stm32f4xx_hal_dma2d.o
 .ARM.attributes
                0x000000000000041b       0x34 ./Drivers/STM32F4xx_HAL_Driver/Src/stm32f4xx_hal_gpio.o
 .ARM.attributes
                0x000000000000044f       0x34 ./Drivers/STM32F4xx_HAL_Driver/Src/stm32f4xx_hal_i2c.o
 .ARM.attributes
                0x0000000000000483       0x34 ./Drivers/STM32F4xx_HAL_Driver/Src/stm32f4xx_hal_ltdc.o
 .ARM.attributes
                0x00000000000004b7       0x34 ./Drivers/STM32F4xx_HAL_Driver/Src/stm32f4xx_hal_rcc.o
 .ARM.attributes
                0x00000000000004eb       0x34 ./Drivers/STM32F4xx_HAL_Driver/Src/stm32f4xx_hal_rcc_ex.o
 .ARM.attributes
                0x000000000000051f       0x34 ./Drivers/STM32F4xx_HAL_Driver/Src/stm32f4xx_hal_sdram.o
 .ARM.attributes
                0x0000000000000553       0x34 ./Drivers/STM32F4xx_HAL_Driver/Src/stm32f4xx_hal_spi.o
 .ARM.attributes
                0x0000000000000587       0x34 ./Drivers/STM32F4xx_HAL_Driver/Src/stm32f4xx_ll_fmc.o
 .ARM.attributes
                0x00000000000005bb       0x34 c:/st/stm32cubeide_1.7.0/stm32cubeide/plugins/com.st.stm32cube.ide.mcu.externaltools.gnu-tools-for-stm32.10.3-2021.10.win32_1.0.0.202111181127/tools/bin/../lib/gcc/arm-none-eabi/10.3.1/../../../../arm-none-eabi/lib/thumb/v7e-m+fp/hard\libc_nano.a(lib_a-impure.o)
 .ARM.attributes
                0x00000000000005ef       0x34 c:/st/stm32cubeide_1.7.0/stm32cubeide/plugins/com.st.stm32cube.ide.mcu.externaltools.gnu-tools-for-stm32.10.3-2021.10.win32_1.0.0.202111181127/tools/bin/../lib/gcc/arm-none-eabi/10.3.1/../../../../arm-none-eabi/lib/thumb/v7e-m+fp/hard\libc_nano.a(lib_a-init.o)
 .ARM.attributes
                0x0000000000000623       0x34 c:/st/stm32cubeide_1.7.0/stm32cubeide/plugins/com.st.stm32cube.ide.mcu.externaltools.gnu-tools-for-stm32.10.3-2021.10.win32_1.0.0.202111181127/tools/bin/../lib/gcc/arm-none-eabi/10.3.1/../../../../arm-none-eabi/lib/thumb/v7e-m+fp/hard\libc_nano.a(lib_a-memset.o)
 .ARM.attributes
                0x0000000000000657       0x34 c:/st/stm32cubeide_1.7.0/stm32cubeide/plugins/com.st.stm32cube.ide.mcu.externaltools.gnu-tools-for-stm32.10.3-2021.10.win32_1.0.0.202111181127/tools/bin/../lib/gcc/arm-none-eabi/10.3.1/../../../../arm-none-eabi/lib/thumb/v7e-m+fp/hard\libc_nano.a(lib_a-snprintf.o)
 .ARM.attributes
                0x000000000000068b       0x34 c:/st/stm32cubeide_1.7.0/stm32cubeide/plugins/com.st.stm32cube.ide.mcu.externaltools.gnu-tools-for-stm32.10.3-2021.10.win32_1.0.0.202111181127/tools/bin/../lib/gcc/arm-none-eabi/10.3.1/../../../../arm-none-eabi/lib/thumb/v7e-m+fp/hard\libc_nano.a(lib_a-nano-svfprintf.o)
 .ARM.attributes
                0x00000000000006bf       0x34 c:/st/stm32cubeide_1.7.0/stm32cubeide/plugins/com.st.stm32cube.ide.mcu.externaltools.gnu-tools-for-stm32.10.3-2021.10.win32_1.0.0.202111181127/tools/bin/../lib/gcc/arm-none-eabi/10.3.1/../../../../arm-none-eabi/lib/thumb/v7e-m+fp/hard\libc_nano.a(lib_a-nano-vfprintf_i.o)
 .ARM.attributes
                0x00000000000006f3       0x1c c:/st/stm32cubeide_1.7.0/stm32cubeide/plugins/com.st.stm32cube.ide.mcu.externaltools.gnu-tools-for-stm32.10.3-2021.10.win32_1.0.0.202111181127/tools/bin/../lib/gcc/arm-none-eabi/10.3.1/../../../../arm-none-eabi/lib/thumb/v7e-m+fp/hard\libc_nano.a(lib_a-memchr.o)
 .ARM.attributes
                0x000000000000070f       0x34 c:/st/stm32cubeide_1.7.0/stm32cubeide/plugins/com.st.stm32cube.ide.mcu.externaltools.gnu-tools-for-stm32.10.3-2021.10.win32_1.0.0.202111181127/tools/bin/../lib/gcc/arm-none-eabi/10.3.1/../../../../arm-none-eabi/lib/thumb/v7e-m+fp/hard\libc_nano.a(lib_a-memcpy-stub.o)
 .ARM.attributes
                0x0000000000000743       0x34 c:/st/stm32cubeide_1.7.0/stm32cubeide/plugins/com.st.stm32cube.ide.mcu.externaltools.gnu-tools-for-stm32.10.3-2021.10.win32_1.0.0.202111181127/tools/bin/../lib/gcc/arm-none-eabi/10.3.1/../../../../arm-none-eabi/lib/thumb/v7e-m+fp/hard\libc_nano.a(lib_a-memmove.o)
 .ARM.attributes
                0x0000000000000777       0x34 c:/st/stm32cubeide_1.7.0/stm32cubeide/plugins/com.st.stm32cube.ide.mcu.externaltools.gnu-tools-for-stm32.10.3-2021.10.win32_1.0.0.202111181127/tools/bin/../lib/gcc/arm-none-eabi/10.3.1/../../../../arm-none-eabi/lib/thumb/v7e-m+fp/hard\libc_nano.a(lib_a-nano-freer.o)
 .ARM.attributes
                0x00000000000007ab       0x34 c:/st/stm32cubeide_1.7.0/stm32cubeide/plugins/com.st.stm32cube.ide.mcu.externaltools.gnu-tools-for-stm32.10.3-2021.10.win32_1.0.0.202111181127/tools/bin/../lib/gcc/arm-none-eabi/10.3.1/../../../../arm-none-eabi/lib/thumb/v7e-m+fp/hard\libc_nano.a(lib_a-nano-mallocr.o)
 .ARM.attributes
                0x00000000000007df       0x34 c:/st/stm32cubeide_1.7.0/stm32cubeide/plugins/com.st.stm32cube.ide.mcu.externaltools.gnu-tools-for-stm32.10.3-2021.10.win32_1.0.0.202111181127/tools/bin/../lib/gcc/arm-none-eabi/10.3.1/../../../../arm-none-eabi/lib/thumb/v7e-m+fp/hard\libc_nano.a(lib_a-nano-reallocr.o)
 .ARM.attributes
                0x0000000000000813       0x34 c:/st/stm32cubeide_1.7.0/stm32cubeide/plugins/com.st.stm32cube.ide.mcu.externaltools.gnu-tools-for-stm32.10.3-2021.10.win32_1.0.0.202111181127/tools/bin/../lib/gcc/arm-none-eabi/10.3.1/../../../../arm-none-eabi/lib/thumb/v7e-m+fp/hard\libc_nano.a(lib_a-sbrkr.o)
 .ARM.attributes
                0x0000000000000847       0x34 c:/st/stm32cubeide_1.7.0/stm32cubeide/plugins/com.st.stm32cube.ide.mcu.externaltools.gnu-tools-for-stm32.10.3-2021.10.win32_1.0.0.202111181127/tools/bin/../lib/gcc/arm-none-eabi/10.3.1/../../../../arm-none-eabi/lib/thumb/v7e-m+fp/hard\libc_nano.a(lib_a-mlock.o)
 .ARM.attributes
                0x000000000000087b       0x34 c:/st/stm32cubeide_1.7.0/stm32cubeide/plugins/com.st.stm32cube.ide.mcu.externaltools.gnu-tools-for-stm32.10.3-2021.10.win32_1.0.0.202111181127/tools/bin/../lib/gcc/arm-none-eabi/10.3.1/../../../../arm-none-eabi/lib/thumb/v7e-m+fp/hard\libc_nano.a(lib_a-nano-msizer.o)
 .ARM.attributes
                0x00000000000008af       0x34 c:/st/stm32cubeide_1.7.0/stm32cubeide/plugins/com.st.stm32cube.ide.mcu.externaltools.gnu-tools-for-stm32.10.3-2021.10.win32_1.0.0.202111181127/tools/bin/../lib/gcc/arm-none-eabi/10.3.1/../../../../arm-none-eabi/lib/thumb/v7e-m+fp/hard\libc_nano.a(lib_a-reent.o)
 .ARM.attributes