../Drivers/CMSIS/Include/core_cm4.h:1688:22:__NVIC_EnableIRQ	16	static
../Drivers/CMSIS/Include/core_cm4.h:1724:22:__NVIC_DisableIRQ	16	static,ignoring_inline_asm
../Drivers/CMSIS/Include/core_cm4.h:1777:22:__NVIC_ClearPendingIRQ	16	static
../Core/Src/measuring.c:125:6:MEAS_GPIO_analog_init	24	static
../Core/Src/measuring.c:145:6:DAC_reset	4	static
../Core/Src/measuring.c:158:6:DAC_init	16	static
../Core/Src/measuring.c:169:6:DAC_increment	4	static
../Core/Src/measuring.c:181:6:ADC_reset	4	static
../Core/Src/measuring.c:193:6:MEAS_timer_init	16	static
../Core/Src/measuring.c:211:6:TIM2_IRQHandler	8	static
../Core/Src/measuring.c:226:6:ADC_IRQHandler	8	static
../Core/Src/measuring.c:247:6:DMA2_Stream1_IRQHandler	8	static
../Core/Src/measuring.c:270:6:DMA2_Stream3_IRQHandler	8	static
../Core/Src/measuring.c:298:6:DMA2_Stream4_IRQHandler	16	static
../Core/Src/measuring.c:326:6:MEAS_CLEAR_buffer_flags	16	static
../Core/Src/measuring.c:347:6:ADC3_scan_init	16	static
../Core/Src/measuring.c:385:6:ADC3_scan_start	8	static
../Core/Src/measuring.c:399:6:MEAS_sort_data	16	static
../Core/Src/measuring.c:426:6:ADC1_IN13_ADC2_IN5_dual_init	24	static
../Core/Src/measuring.c:457:6:ADC1_IN13_ADC2_IN5_dual_start	8	static
